Archive member included to satisfy reference by file (symbol)

c:/st/stm32cubeide_1.10.1/stm32cubeide/plugins/com.st.stm32cube.ide.mcu.externaltools.gnu-tools-for-stm32.10.3-2021.10.win32_1.0.0.202111181127/tools/bin/../lib/gcc/arm-none-eabi/10.3.1/../../../../arm-none-eabi/lib/thumb/v7e-m+dp/hard\libstdc++_nano.a(pure.o)
                              ./Core/Src/mainpp.o (__cxa_pure_virtual)
c:/st/stm32cubeide_1.10.1/stm32cubeide/plugins/com.st.stm32cube.ide.mcu.externaltools.gnu-tools-for-stm32.10.3-2021.10.win32_1.0.0.202111181127/tools/bin/../lib/gcc/arm-none-eabi/10.3.1/../../../../arm-none-eabi/lib/thumb/v7e-m+dp/hard\libstdc++_nano.a(eh_terminate.o)
                              c:/st/stm32cubeide_1.10.1/stm32cubeide/plugins/com.st.stm32cube.ide.mcu.externaltools.gnu-tools-for-stm32.10.3-2021.10.win32_1.0.0.202111181127/tools/bin/../lib/gcc/arm-none-eabi/10.3.1/../../../../arm-none-eabi/lib/thumb/v7e-m+dp/hard\libstdc++_nano.a(pure.o) (std::terminate())
c:/st/stm32cubeide_1.10.1/stm32cubeide/plugins/com.st.stm32cube.ide.mcu.externaltools.gnu-tools-for-stm32.10.3-2021.10.win32_1.0.0.202111181127/tools/bin/../lib/gcc/arm-none-eabi/10.3.1/../../../../arm-none-eabi/lib/thumb/v7e-m+dp/hard\libstdc++_nano.a(eh_unex_handler.o)
                              c:/st/stm32cubeide_1.10.1/stm32cubeide/plugins/com.st.stm32cube.ide.mcu.externaltools.gnu-tools-for-stm32.10.3-2021.10.win32_1.0.0.202111181127/tools/bin/../lib/gcc/arm-none-eabi/10.3.1/../../../../arm-none-eabi/lib/thumb/v7e-m+dp/hard\libstdc++_nano.a(eh_terminate.o) (__cxxabiv1::__unexpected_handler)
c:/st/stm32cubeide_1.10.1/stm32cubeide/plugins/com.st.stm32cube.ide.mcu.externaltools.gnu-tools-for-stm32.10.3-2021.10.win32_1.0.0.202111181127/tools/bin/../lib/gcc/arm-none-eabi/10.3.1/../../../../arm-none-eabi/lib/thumb/v7e-m+dp/hard\libstdc++_nano.a(eh_term_handler.o)
                              c:/st/stm32cubeide_1.10.1/stm32cubeide/plugins/com.st.stm32cube.ide.mcu.externaltools.gnu-tools-for-stm32.10.3-2021.10.win32_1.0.0.202111181127/tools/bin/../lib/gcc/arm-none-eabi/10.3.1/../../../../arm-none-eabi/lib/thumb/v7e-m+dp/hard\libstdc++_nano.a(eh_terminate.o) (__cxxabiv1::__terminate_handler)
c:/st/stm32cubeide_1.10.1/stm32cubeide/plugins/com.st.stm32cube.ide.mcu.externaltools.gnu-tools-for-stm32.10.3-2021.10.win32_1.0.0.202111181127/tools/bin/../lib/gcc/arm-none-eabi/10.3.1/../../../../arm-none-eabi/lib/thumb/v7e-m+dp/hard\libc_nano.a(lib_a-abort.o)
                              c:/st/stm32cubeide_1.10.1/stm32cubeide/plugins/com.st.stm32cube.ide.mcu.externaltools.gnu-tools-for-stm32.10.3-2021.10.win32_1.0.0.202111181127/tools/bin/../lib/gcc/arm-none-eabi/10.3.1/../../../../arm-none-eabi/lib/thumb/v7e-m+dp/hard\libstdc++_nano.a(eh_terminate.o) (abort)
c:/st/stm32cubeide_1.10.1/stm32cubeide/plugins/com.st.stm32cube.ide.mcu.externaltools.gnu-tools-for-stm32.10.3-2021.10.win32_1.0.0.202111181127/tools/bin/../lib/gcc/arm-none-eabi/10.3.1/../../../../arm-none-eabi/lib/thumb/v7e-m+dp/hard\libc_nano.a(lib_a-errno.o)
                              ./Core/Src/syscalls.o (__errno)
c:/st/stm32cubeide_1.10.1/stm32cubeide/plugins/com.st.stm32cube.ide.mcu.externaltools.gnu-tools-for-stm32.10.3-2021.10.win32_1.0.0.202111181127/tools/bin/../lib/gcc/arm-none-eabi/10.3.1/../../../../arm-none-eabi/lib/thumb/v7e-m+dp/hard\libc_nano.a(lib_a-exit.o)
                              c:/st/stm32cubeide_1.10.1/stm32cubeide/plugins/com.st.stm32cube.ide.mcu.externaltools.gnu-tools-for-stm32.10.3-2021.10.win32_1.0.0.202111181127/tools/bin/../lib/gcc/arm-none-eabi/10.3.1/../../../../arm-none-eabi/lib/thumb/v7e-m+dp/hard/crt0.o (exit)
c:/st/stm32cubeide_1.10.1/stm32cubeide/plugins/com.st.stm32cube.ide.mcu.externaltools.gnu-tools-for-stm32.10.3-2021.10.win32_1.0.0.202111181127/tools/bin/../lib/gcc/arm-none-eabi/10.3.1/../../../../arm-none-eabi/lib/thumb/v7e-m+dp/hard\libc_nano.a(lib_a-impure.o)
                              c:/st/stm32cubeide_1.10.1/stm32cubeide/plugins/com.st.stm32cube.ide.mcu.externaltools.gnu-tools-for-stm32.10.3-2021.10.win32_1.0.0.202111181127/tools/bin/../lib/gcc/arm-none-eabi/10.3.1/../../../../arm-none-eabi/lib/thumb/v7e-m+dp/hard\libc_nano.a(lib_a-exit.o) (_global_impure_ptr)
c:/st/stm32cubeide_1.10.1/stm32cubeide/plugins/com.st.stm32cube.ide.mcu.externaltools.gnu-tools-for-stm32.10.3-2021.10.win32_1.0.0.202111181127/tools/bin/../lib/gcc/arm-none-eabi/10.3.1/../../../../arm-none-eabi/lib/thumb/v7e-m+dp/hard\libc_nano.a(lib_a-init.o)
                              c:/st/stm32cubeide_1.10.1/stm32cubeide/plugins/com.st.stm32cube.ide.mcu.externaltools.gnu-tools-for-stm32.10.3-2021.10.win32_1.0.0.202111181127/tools/bin/../lib/gcc/arm-none-eabi/10.3.1/../../../../arm-none-eabi/lib/thumb/v7e-m+dp/hard/crt0.o (__libc_init_array)
[...]
Memory Configuration

Name             Origin             Length             Attributes
RAM              0x0000000020000000 0x0000000000080000 xrw
FLASH            0x0000000008000000 0x0000000000200000 xr
*default*        0x0000000000000000 0xffffffffffffffff

Linker script and memory map

LOAD c:/st/stm32cubeide_1.10.1/stm32cubeide/plugins/com.st.stm32cube.ide.mcu.externaltools.gnu-tools-for-stm32.10.3-2021.10.win32_1.0.0.202111181127/tools/bin/../lib/gcc/arm-none-eabi/10.3.1/thumb/v7e-m+dp/hard/crti.o
LOAD c:/st/stm32cubeide_1.10.1/stm32cubeide/plugins/com.st.stm32cube.ide.mcu.externaltools.gnu-tools-for-stm32.10.3-2021.10.win32_1.0.0.202111181127/tools/bin/../lib/gcc/arm-none-eabi/10.3.1/thumb/v7e-m+dp/hard/crtbegin.o
LOAD c:/st/stm32cubeide_1.10.1/stm32cubeide/plugins/com.st.stm32cube.ide.mcu.externaltools.gnu-tools-for-stm32.10.3-2021.10.win32_1.0.0.202111181127/tools/bin/../lib/gcc/arm-none-eabi/10.3.1/../../../../arm-none-eabi/lib/thumb/v7e-m+dp/hard/crt0.o
LOAD ./Core/Inc/duration.o
LOAD ./Core/Inc/roboclaw.o
LOAD ./Core/Inc/time.o
LOAD ./Core/Src/main.o
LOAD ./Core/Src/mainpp.o
LOAD ./Core/Src/stm32f7xx_hal_msp.o
LOAD ./Core/Src/stm32f7xx_it.o
LOAD ./Core/Src/syscalls.o
LOAD ./Core/Src/sysmem.o
LOAD ./Core/Src/system_stm32f7xx.o
LOAD ./Core/Startup/startup_stm32f767zitx.o
LOAD ./Drivers/STM32F7xx_HAL_Driver/Src/stm32f7xx_hal.o
LOAD ./Drivers/STM32F7xx_HAL_Driver/Src/stm32f7xx_hal_cortex.o
LOAD ./Drivers/STM32F7xx_HAL_Driver/Src/stm32f7xx_hal_dma.o
LOAD ./Drivers/STM32F7xx_HAL_Driver/Src/stm32f7xx_hal_dma_ex.o
LOAD ./Drivers/STM32F7xx_HAL_Driver/Src/stm32f7xx_hal_exti.o
LOAD ./Drivers/STM32F7xx_HAL_Driver/Src/stm32f7xx_hal_flash.o
LOAD ./Drivers/STM32F7xx_HAL_Driver/Src/stm32f7xx_hal_flash_ex.o
LOAD ./Drivers/STM32F7xx_HAL_Driver/Src/stm32f7xx_hal_gpio.o
LOAD ./Drivers/STM32F7xx_HAL_Driver/Src/stm32f7xx_hal_i2c.o
LOAD ./Drivers/STM32F7xx_HAL_Driver/Src/stm32f7xx_hal_i2c_ex.o
LOAD ./Drivers/STM32F7xx_HAL_Driver/Src/stm32f7xx_hal_pwr.o
LOAD ./Drivers/STM32F7xx_HAL_Driver/Src/stm32f7xx_hal_pwr_ex.o
LOAD ./Drivers/STM32F7xx_HAL_Driver/Src/stm32f7xx_hal_rcc.o
LOAD ./Drivers/STM32F7xx_HAL_Driver/Src/stm32f7xx_hal_rcc_ex.o
LOAD ./Drivers/STM32F7xx_HAL_Driver/Src/stm32f7xx_hal_tim.o
LOAD ./Drivers/STM32F7xx_HAL_Driver/Src/stm32f7xx_hal_tim_ex.o
LOAD ./Drivers/STM32F7xx_HAL_Driver/Src/stm32f7xx_hal_uart.o
LOAD ./Drivers/STM32F7xx_HAL_Driver/Src/stm32f7xx_hal_uart_ex.o
START GROUP
LOAD c:/st/stm32cubeide_1.10.1/stm32cubeide/plugins/com.st.stm32cube.ide.mcu.externaltools.gnu-tools-for-stm32.10.3-2021.10.win32_1.0.0.202111181127/tools/bin/../lib/gcc/arm-none-eabi/10.3.1/../../../../arm-none-eabi/lib/thumb/v7e-m+dp/hard\libstdc++_nano.a
LOAD c:/st/stm32cubeide_1.10.1/stm32cubeide/plugins/com.st.stm32cube.ide.mcu.externaltools.gnu-tools-for-stm32.10.3-2021.10.win32_1.0.0.202111181127/tools/bin/../lib/gcc/arm-none-eabi/10.3.1/../../../../arm-none-eabi/lib/thumb/v7e-m+dp/hard\libsupc++_nano.a
END GROUP
LOAD c:/st/stm32cubeide_1.10.1/stm32cubeide/plugins/com.st.stm32cube.ide.mcu.externaltools.gnu-tools-for-stm32.10.3-2021.10.win32_1.0.0.202111181127/tools/bin/../lib/gcc/arm-none-eabi/10.3.1/../../../../arm-none-eabi/lib/thumb/v7e-m+dp/hard\libstdc++_nano.a
LOAD c:/st/stm32cubeide_1.10.1/stm32cubeide/plugins/com.st.stm32cube.ide.mcu.externaltools.gnu-tools-for-stm32.10.3-2021.10.win32_1.0.0.202111181127/tools/bin/../lib/gcc/arm-none-eabi/10.3.1/../../../../arm-none-eabi/lib/thumb/v7e-m+dp/hard\libm.a
LOAD c:/st/stm32cubeide_1.10.1/stm32cubeide/plugins/com.st.stm32cube.ide.mcu.externaltools.gnu-tools-for-stm32.10.3-2021.10.win32_1.0.0.202111181127/tools/bin/../lib/gcc/arm-none-eabi/10.3.1/../../../../arm-none-eabi/lib/thumb/v7e-m+dp/hard\libc_nano.a
START GROUP
LOAD c:/st/stm32cubeide_1.10.1/stm32cubeide/plugins/com.st.stm32cube.ide.mcu.externaltools.gnu-tools-for-stm32.10.3-2021.10.win32_1.0.0.202111181127/tools/bin/../lib/gcc/arm-none-eabi/10.3.1/thumb/v7e-m+dp/hard\libgcc.a
LOAD c:/st/stm32cubeide_1.10.1/stm32cubeide/plugins/com.st.stm32cube.ide.mcu.externaltools.gnu-tools-for-stm32.10.3-2021.10.win32_1.0.0.202111181127/tools/bin/../lib/gcc/arm-none-eabi/10.3.1/../../../../arm-none-eabi/lib/thumb/v7e-m+dp/hard\libc_nano.a
END GROUP
START GROUP
LOAD c:/st/stm32cubeide_1.10.1/stm32cubeide/plugins/com.st.stm32cube.ide.mcu.externaltools.gnu-tools-for-stm32.10.3-2021.10.win32_1.0.0.202111181127/tools/bin/../lib/gcc/arm-none-eabi/10.3.1/thumb/v7e-m+dp/hard\libgcc.a
LOAD c:/st/stm32cubeide_1.10.1/stm32cubeide/plugins/com.st.stm32cube.ide.mcu.externaltools.gnu-tools-for-stm32.10.3-2021.10.win32_1.0.0.202111181127/tools/bin/../lib/gcc/arm-none-eabi/10.3.1/../../../../arm-none-eabi/lib/thumb/v7e-m+dp/hard\libc_nano.a
LOAD c:/st/stm32cubeide_1.10.1/stm32cubeide/plugins/com.st.stm32cube.ide.mcu.externaltools.gnu-tools-for-stm32.10.3-2021.10.win32_1.0.0.202111181127/tools/bin/../lib/gcc/arm-none-eabi/10.3.1/../../../../arm-none-eabi/lib/thumb/v7e-m+dp/hard\libnosys.a
END GROUP
START GROUP
LOAD c:/st/stm32cubeide_1.10.1/stm32cubeide/plugins/com.st.stm32cube.ide.mcu.externaltools.gnu-tools-for-stm32.10.3-2021.10.win32_1.0.0.202111181127/tools/bin/../lib/gcc/arm-none-eabi/10.3.1/thumb/v7e-m+dp/hard\libgcc.a
LOAD c:/st/stm32cubeide_1.10.1/stm32cubeide/plugins/com.st.stm32cube.ide.mcu.externaltools.gnu-tools-for-stm32.10.3-2021.10.win32_1.0.0.202111181127/tools/bin/../lib/gcc/arm-none-eabi/10.3.1/../../../../arm-none-eabi/lib/thumb/v7e-m+dp/hard\libc_nano.a
LOAD c:/st/stm32cubeide_1.10.1/stm32cubeide/plugins/com.st.stm32cube.ide.mcu.externaltools.gnu-tools-for-stm32.10.3-2021.10.win32_1.0.0.202111181127/tools/bin/../lib/gcc/arm-none-eabi/10.3.1/../../../../arm-none-eabi/lib/thumb/v7e-m+dp/hard\libnosys.a
END GROUP
LOAD c:/st/stm32cubeide_1.10.1/stm32cubeide/plugins/com.st.stm32cube.ide.mcu.externaltools.gnu-tools-for-stm32.10.3-2021.10.win32_1.0.0.202111181127/tools/bin/../lib/gcc/arm-none-eabi/10.3.1/thumb/v7e-m+dp/hard/crtend.o
LOAD c:/st/stm32cubeide_1.10.1/stm32cubeide/plugins/com.st.stm32cube.ide.mcu.externaltools.gnu-tools-for-stm32.10.3-2021.10.win32_1.0.0.202111181127/tools/bin/../lib/gcc/arm-none-eabi/10.3.1/thumb/v7e-m+dp/hard/crtn.o
                0x0000000020080000                _estack = (ORIGIN (RAM) + LENGTH (RAM))
                0x0000000000000200                _Min_Heap_Size = 0x200
                0x0000000000000400                _Min_Stack_Size = 0x400

.isr_vector     0x0000000008000000      0x1f8
                0x0000000008000000                . = ALIGN (0x4)
 *(.isr_vector)
 .isr_vector    0x0000000008000000      0x1f8 ./Core/Startup/startup_stm32f767zitx.o
                0x0000000008000000                g_pfnVectors
                0x00000000080001f8                . = ALIGN (0x4)

.text           0x00000000080001f8     0x8ab8
                0x00000000080001f8                . = ALIGN (0x4)
 *(.text)
 .text          0x00000000080001f8       0x40 c:/st/stm32cubeide_1.10.1/stm32cubeide/plugins/com.st.stm32cube.ide.mcu.externaltools.gnu-tools-for-stm32.10.3-2021.10.win32_1.0.0.202111181127/tools/bin/../lib/gcc/arm-none-eabi/10.3.1/thumb/v7e-m+dp/hard/crtbegin.o
 .text          0x0000000008000238       0x10 c:/st/stm32cubeide_1.10.1/stm32cubeide/plugins/com.st.stm32cube.ide.mcu.externaltools.gnu-tools-for-stm32.10.3-2021.10.win32_1.0.0.202111181127/tools/bin/../lib/gcc/arm-none-eabi/10.3.1/../../../../arm-none-eabi/lib/thumb/v7e-m+dp/hard\libc_nano.a(lib_a-strlen.o)
                0x0000000008000238                strlen
 .text          0x0000000008000248       0x30 c:/st/stm32cubeide_1.10.1/stm32cubeide/plugins/com.st.stm32cube.ide.mcu.externaltools.gnu-tools-for-stm32.10.3-2021.10.win32_1.0.0.202111181127/tools/bin/../lib/gcc/arm-none-eabi/10.3.1/thumb/v7e-m+dp/hard\libgcc.a(_aeabi_uldivmod.o)
                0x0000000008000248                __aeabi_uldivmod
 .text          0x0000000008000278      0x2d0 c:/st/stm32cubeide_1.10.1/stm32cubeide/plugins/com.st.stm32cube.ide.mcu.externaltools.gnu-tools-for-stm32.10.3-2021.10.win32_1.0.0.202111181127/tools/bin/../lib/gcc/arm-none-eabi/10.3.1/thumb/v7e-m+dp/hard\libgcc.a(_udivmoddi4.o)
                0x0000000008000278                __udivmoddi4
 .text          0x0000000008000548        0x4 c:/st/stm32cubeide_1.10.1/stm32cubeide/plugins/com.st.stm32cube.ide.mcu.externaltools.gnu-tools-for-stm32.10.3-2021.10.win32_1.0.0.202111181127/tools/bin/../lib/gcc/arm-none-eabi/10.3.1/thumb/v7e-m+dp/hard\libgcc.a(_dvmd_tls.o)
                0x0000000008000548                __aeabi_idiv0
                0x0000000008000548                __aeabi_ldiv0
 *(.text*)
 .text._ZN8RoboClawC2EP20__UART_HandleTypeDefm
                0x000000000800054c       0x26 ./Core/Inc/roboclaw.o
                0x000000000800054c                RoboClaw::RoboClaw(__UART_HandleTypeDef*, unsigned long)
                0x000000000800054c                RoboClaw::RoboClaw(__UART_HandleTypeDef*, unsigned long)
 .text._ZN8RoboClawD2Ev
                0x0000000008000572       0x16 ./Core/Inc/roboclaw.o
                0x0000000008000572                RoboClaw::~RoboClaw()
                0x0000000008000572                RoboClaw::~RoboClaw()
 .text._ZN8RoboClaw5writeEh
                0x0000000008000588       0x26 ./Core/Inc/roboclaw.o
                0x0000000008000588                RoboClaw::write(unsigned char)
 .text._ZN8RoboClaw4readEm
                0x00000000080005ae       0x2e ./Core/Inc/roboclaw.o
                0x00000000080005ae                RoboClaw::read(unsigned long)
 .text._ZN8RoboClaw9crc_clearEv
                0x00000000080005dc       0x1a ./Core/Inc/roboclaw.o
                0x00000000080005dc                RoboClaw::crc_clear()
 .text._ZN8RoboClaw10crc_updateEh
                0x00000000080005f6       0x6e ./Core/Inc/roboclaw.o
                0x00000000080005f6                RoboClaw::crc_update(unsigned char)
 .text._ZN8RoboClaw7crc_getEv
                0x0000000008000664       0x18 ./Core/Inc/roboclaw.o
                0x0000000008000664                RoboClaw::crc_get()
 .text._ZN8RoboClaw7write_nEhz
                0x000000000800067c       0xba ./Core/Inc/roboclaw.o
                0x000000000800067c                RoboClaw::write_n(unsigned char, ...)
 .text._ZN8RoboClaw17ForwardBackwardM1Ehh
                0x0000000008000736       0x2a ./Core/Inc/roboclaw.o
                0x0000000008000736                RoboClaw::ForwardBackwardM1(unsigned char, unsigned char)
 .text._ZN3ros16normalizeSecNSecERmS0_
                0x0000000008000760       0x58 ./Core/Inc/time.o
                0x0000000008000760                ros::normalizeSecNSec(unsigned long&, unsigned long&)
 .text.main     0x00000000080007b8       0x2a ./Core/Src/main.o
                0x00000000080007b8                main
 *fill*         0x00000000080007e2        0x2 
 .text._Z18SystemClock_Configv
                0x00000000080007e4       0xcc ./Core/Src/main.o
                0x00000000080007e4                SystemClock_Config()
 .text._ZL12MX_TIM2_Initv
                0x00000000080008b0      0x120 ./Core/Src/main.o
 .text._ZL19MX_USART1_UART_Initv
                0x00000000080009d0       0x68 ./Core/Src/main.o
 .text._ZL19MX_USART3_UART_Initv
                0x0000000008000a38       0x68 ./Core/Src/main.o
 .text._ZL11MX_DMA_Initv
                0x0000000008000aa0       0x84 ./Core/Src/main.o
 .text._ZL12MX_GPIO_Initv
                0x0000000008000b24      0x22c ./Core/Src/main.o
 .text.Error_Handler
                0x0000000008000d50        0xa ./Core/Src/main.o
                0x0000000008000d50                Error_Handler
 .text._ZN3ros4TimeC2Ev
                0x0000000008000d5a       0x22 ./Core/Src/mainpp.o
                0x0000000008000d5a                ros::Time::Time()
                0x0000000008000d5a                ros::Time::Time()
 .text._ZN3ros3MsgC2Ev
                0x0000000008000d7c       0x20 ./Core/Src/mainpp.o
                0x0000000008000d7c                ros::Msg::Msg()
                0x0000000008000d7c                ros::Msg::Msg()
 .text._ZN8std_msgs4TimeC2Ev
                0x0000000008000d9c       0x30 ./Core/Src/mainpp.o
                0x0000000008000d9c                std_msgs::Time::Time()
                0x0000000008000d9c                std_msgs::Time::Time()
 .text._ZNK8std_msgs4Time9serializeEPh
                0x0000000008000dcc       0xb0 ./Core/Src/mainpp.o
                0x0000000008000dcc                std_msgs::Time::serialize(unsigned char*) const
 .text._ZN8std_msgs4Time11deserializeEPh
                0x0000000008000e7c       0xc8 ./Core/Src/mainpp.o
                0x0000000008000e7c                std_msgs::Time::deserialize(unsigned char*)
 .text._ZN8std_msgs4Time7getTypeEv
                0x0000000008000f44       0x1c ./Core/Src/mainpp.o
                0x0000000008000f44                std_msgs::Time::getType()
 .text._ZN8std_msgs4Time6getMD5Ev
                0x0000000008000f60       0x1c ./Core/Src/mainpp.o
                0x0000000008000f60                std_msgs::Time::getMD5()
 .text._ZN14rosserial_msgs9TopicInfoC2Ev
                0x0000000008000f7c       0x48 ./Core/Src/mainpp.o
                0x0000000008000f7c                rosserial_msgs::TopicInfo::TopicInfo()
                0x0000000008000f7c                rosserial_msgs::TopicInfo::TopicInfo()
 .text._ZNK14rosserial_msgs9TopicInfo9serializeEPh
                0x0000000008000fc4      0x136 ./Core/Src/mainpp.o
                0x0000000008000fc4                rosserial_msgs::TopicInfo::serialize(unsigned char*) const
 .text._ZN14rosserial_msgs9TopicInfo11deserializeEPh
                0x00000000080010fa      0x1d0 ./Core/Src/mainpp.o
                0x00000000080010fa                rosserial_msgs::TopicInfo::deserialize(unsigned char*)
 *fill*         0x00000000080012ca        0x2 
 .text._ZN14rosserial_msgs9TopicInfo7getTypeEv
                0x00000000080012cc       0x1c ./Core/Src/mainpp.o
                0x00000000080012cc                rosserial_msgs::TopicInfo::getType()
 .text._ZN14rosserial_msgs9TopicInfo6getMD5Ev
                0x00000000080012e8       0x1c ./Core/Src/mainpp.o
                0x00000000080012e8                rosserial_msgs::TopicInfo::getMD5()
 .text._ZN14rosserial_msgs3LogC2Ev
                0x0000000008001304       0x34 ./Core/Src/mainpp.o
                0x0000000008001304                rosserial_msgs::Log::Log()
                0x0000000008001304                rosserial_msgs::Log::Log()
 .text._ZNK14rosserial_msgs3Log9serializeEPh
                0x0000000008001338       0x64 ./Core/Src/mainpp.o
                0x0000000008001338                rosserial_msgs::Log::serialize(unsigned char*) const
 .text._ZN14rosserial_msgs3Log11deserializeEPh
                0x000000000800139c       0x90 ./Core/Src/mainpp.o
                0x000000000800139c                rosserial_msgs::Log::deserialize(unsigned char*)
 .text._ZN14rosserial_msgs3Log7getTypeEv
                0x000000000800142c       0x1c ./Core/Src/mainpp.o
                0x000000000800142c                rosserial_msgs::Log::getType()
 .text._ZN14rosserial_msgs3Log6getMD5Ev
                0x0000000008001448       0x1c ./Core/Src/mainpp.o
                0x0000000008001448                rosserial_msgs::Log::getMD5()
 .text._ZN14rosserial_msgs20RequestParamResponseC2Ev
                0x0000000008001464       0x5c ./Core/Src/mainpp.o
                0x0000000008001464                rosserial_msgs::RequestParamResponse::RequestParamResponse()
                0x0000000008001464                rosserial_msgs::RequestParamResponse::RequestParamResponse()
 .text._ZNK14rosserial_msgs20RequestParamResponse9serializeEPh
                0x00000000080014c0      0x222 ./Core/Src/mainpp.o
                0x00000000080014c0                rosserial_msgs::RequestParamResponse::serialize(unsigned char*) const
 .text._ZN14rosserial_msgs20RequestParamResponse11deserializeEPh
                0x00000000080016e2      0x2e2 ./Core/Src/mainpp.o
                0x00000000080016e2                rosserial_msgs::RequestParamResponse::deserialize(unsigned char*)
 .text._ZN14rosserial_msgs20RequestParamResponse7getTypeEv
                0x00000000080019c4       0x1c ./Core/Src/mainpp.o
                0x00000000080019c4                rosserial_msgs::RequestParamResponse::getType()
 .text._ZN14rosserial_msgs20RequestParamResponse6getMD5Ev
                0x00000000080019e0       0x1c ./Core/Src/mainpp.o
                0x00000000080019e0                rosserial_msgs::RequestParamResponse::getMD5()
 .text._ZN3ros9Publisher15getEndpointTypeEv
                0x00000000080019fc       0x18 ./Core/Src/mainpp.o
                0x00000000080019fc                ros::Publisher::getEndpointType()
 .text._ZN13STM32Hardware10getRdmaIndEv
                0x0000000008001a14       0x26 ./Core/Src/mainpp.o
                0x0000000008001a14                STM32Hardware::getRdmaInd()
 *fill*         0x0000000008001a3a        0x2 
 .text._ZN13STM32HardwareC2Ev
                0x0000000008001a3c       0x44 ./Core/Src/mainpp.o
                0x0000000008001a3c                STM32Hardware::STM32Hardware()
                0x0000000008001a3c                STM32Hardware::STM32Hardware()
 .text._ZN13STM32Hardware4initEv
                0x0000000008001a80       0x16 ./Core/Src/mainpp.o
                0x0000000008001a80                STM32Hardware::init()
 .text._ZN13STM32Hardware10reset_rbufEv
                0x0000000008001a96       0x22 ./Core/Src/mainpp.o
                0x0000000008001a96                STM32Hardware::reset_rbuf()
 .text._ZN13STM32Hardware4readEv
                0x0000000008001ab8       0x64 ./Core/Src/mainpp.o
                0x0000000008001ab8                STM32Hardware::read()
 .text._ZN13STM32Hardware5flushEv
                0x0000000008001b1c      0x100 ./Core/Src/mainpp.o
                0x0000000008001b1c                STM32Hardware::flush()
 .text._ZN13STM32Hardware5writeEPhi
                0x0000000008001c1c       0x9a ./Core/Src/mainpp.o
                0x0000000008001c1c                STM32Hardware::write(unsigned char*, int)
 .text._ZN13STM32Hardware4timeEv
                0x0000000008001cb6       0x16 ./Core/Src/mainpp.o
                0x0000000008001cb6                STM32Hardware::time()
 .text._ZN13geometry_msgs7Vector3C2Ev
                0x0000000008001ccc       0x50 ./Core/Src/mainpp.o
                0x0000000008001ccc                geometry_msgs::Vector3::Vector3()
                0x0000000008001ccc                geometry_msgs::Vector3::Vector3()
 .text._ZNK13geometry_msgs7Vector39serializeEPh
                0x0000000008001d1c      0x2e6 ./Core/Src/mainpp.o
                0x0000000008001d1c                geometry_msgs::Vector3::serialize(unsigned char*) const
 .text._ZN13geometry_msgs7Vector311deserializeEPh
                0x0000000008002002      0x6be ./Core/Src/mainpp.o
                0x0000000008002002                geometry_msgs::Vector3::deserialize(unsigned char*)
 .text._ZN13geometry_msgs7Vector37getTypeEv
                0x00000000080026c0       0x1c ./Core/Src/mainpp.o
                0x00000000080026c0                geometry_msgs::Vector3::getType()
 .text._ZN13geometry_msgs7Vector36getMD5Ev
                0x00000000080026dc       0x1c ./Core/Src/mainpp.o
                0x00000000080026dc                geometry_msgs::Vector3::getMD5()
 .text._ZN13geometry_msgs5TwistC2Ev
                0x00000000080026f8       0x38 ./Core/Src/mainpp.o
                0x00000000080026f8                geometry_msgs::Twist::Twist()
                0x00000000080026f8                geometry_msgs::Twist::Twist()
 .text._ZNK13geometry_msgs5Twist9serializeEPh
                0x0000000008002730       0x4c ./Core/Src/mainpp.o
                0x0000000008002730                geometry_msgs::Twist::serialize(unsigned char*) const
 .text._ZN13geometry_msgs5Twist11deserializeEPh
                0x000000000800277c       0x4c ./Core/Src/mainpp.o
                0x000000000800277c                geometry_msgs::Twist::deserialize(unsigned char*)
 .text._ZN13geometry_msgs5Twist7getTypeEv
                0x00000000080027c8       0x1c ./Core/Src/mainpp.o
                0x00000000080027c8                geometry_msgs::Twist::getType()
 .text._ZN13geometry_msgs5Twist6getMD5Ev
                0x00000000080027e4       0x1c ./Core/Src/mainpp.o
                0x00000000080027e4                geometry_msgs::Twist::getMD5()
 .text._ZN3ros15NodeHandleBase_C2Ev
                0x0000000008002800       0x20 ./Core/Src/mainpp.o
                0x0000000008002800                ros::NodeHandleBase_::NodeHandleBase_()
                0x0000000008002800                ros::NodeHandleBase_::NodeHandleBase_()
 .text._ZN3ros11NodeHandle_I13STM32HardwareLi25ELi25ELi512ELi512EEC2Ev
                0x0000000008002820      0x148 ./Core/Src/mainpp.o
                0x0000000008002820                ros::NodeHandle_<STM32Hardware, 25, 25, 512, 512>::NodeHandle_()
                0x0000000008002820                ros::NodeHandle_<STM32Hardware, 25, 25, 512, 512>::NodeHandle_()
 .text.HAL_UART_TxCpltCallback
                0x0000000008002968       0x24 ./Core/Src/mainpp.o
                0x0000000008002968                HAL_UART_TxCpltCallback
 .text.HAL_UART_RxCpltCallback
                0x000000000800298c       0x24 ./Core/Src/mainpp.o
                0x000000000800298c                HAL_UART_RxCpltCallback
 .text.setup    0x00000000080029b0       0x2c ./Core/Src/mainpp.o
                0x00000000080029b0                setup
 .text.loop     0x00000000080029dc       0x14 ./Core/Src/mainpp.o
                0x00000000080029dc                loop
 .text._Z9AV_vel_cbRKN13geometry_msgs5TwistE
                0x00000000080029f0       0x70 ./Core/Src/mainpp.o
                0x00000000080029f0                AV_vel_cb(geometry_msgs::Twist const&)
 .text._ZN3ros3Msg8varToArrIPhmEEvT_T0_
                0x0000000008002a60       0x3c ./Core/Src/mainpp.o
                0x0000000008002a60                void ros::Msg::varToArr<unsigned char*, unsigned long>(unsigned char*, unsigned long)
 .text._ZN3ros3Msg8arrToVarImPhEEvRT_T0_
                0x0000000008002a9c       0x4a ./Core/Src/mainpp.o
                0x0000000008002a9c                void ros::Msg::arrToVar<unsigned long, unsigned char*>(unsigned long&, unsigned char*)
 *fill*         0x0000000008002ae6        0x2 
 .text._ZN3ros11Subscriber_C2Ev
                0x0000000008002ae8       0x20 ./Core/Src/mainpp.o
                0x0000000008002ae8                ros::Subscriber_::Subscriber_()
                0x0000000008002ae8                ros::Subscriber_::Subscriber_()
 .text._ZN3ros10SubscriberIN13geometry_msgs5TwistEvEC2EPKcPFvRKS2_Ei
                0x0000000008002b08       0x48 ./Core/Src/mainpp.o
                0x0000000008002b08                ros::Subscriber<geometry_msgs::Twist, void>::Subscriber(char const*, void (*)(geometry_msgs::Twist const&), int)
                0x0000000008002b08                ros::Subscriber<geometry_msgs::Twist, void>::Subscriber(char const*, void (*)(geometry_msgs::Twist const&), int)
 .text._ZN3ros11NodeHandle_I13STM32HardwareLi25ELi25ELi512ELi512EE11getHardwareEv
                0x0000000008002b50       0x18 ./Core/Src/mainpp.o
                0x0000000008002b50                ros::NodeHandle_<STM32Hardware, 25, 25, 512, 512>::getHardware()
 .text._ZN3ros11NodeHandle_I13STM32HardwareLi25ELi25ELi512ELi512EE8initNodeEv
                0x0000000008002b68       0x52 ./Core/Src/mainpp.o
                0x0000000008002b68                ros::NodeHandle_<STM32Hardware, 25, 25, 512, 512>::initNode()
 .text._ZN3ros11NodeHandle_I13STM32HardwareLi25ELi25ELi512ELi512EE9subscribeERNS_11Subscriber_E
                0x0000000008002bba       0x5a ./Core/Src/mainpp.o
                0x0000000008002bba                ros::NodeHandle_<STM32Hardware, 25, 25, 512, 512>::subscribe(ros::Subscriber_&)
 .text._ZN3ros11NodeHandle_I13STM32HardwareLi25ELi25ELi512ELi512EE8spinOnceEv
                0x0000000008002c14      0x4f6 ./Core/Src/mainpp.o
                0x0000000008002c14                ros::NodeHandle_<STM32Hardware, 25, 25, 512, 512>::spinOnce()
 .text._ZN3ros11NodeHandle_I13STM32HardwareLi25ELi25ELi512ELi512EE15requestSyncTimeEv
                0x000000000800310a       0x3e ./Core/Src/mainpp.o
                0x000000000800310a                ros::NodeHandle_<STM32Hardware, 25, 25, 512, 512>::requestSyncTime()
 .text._ZN3ros11NodeHandle_I13STM32HardwareLi25ELi25ELi512ELi512EE15negotiateTopicsEv
                0x0000000008003148      0x1da ./Core/Src/mainpp.o
                0x0000000008003148                ros::NodeHandle_<STM32Hardware, 25, 25, 512, 512>::negotiateTopics()
 *fill*         0x0000000008003322        0x2 
 .text._ZN3ros11NodeHandle_I13STM32HardwareLi25ELi25ELi512ELi512EE8syncTimeEPh
                0x0000000008003324       0x9c ./Core/Src/mainpp.o
                0x0000000008003324                ros::NodeHandle_<STM32Hardware, 25, 25, 512, 512>::syncTime(unsigned char*)
 .text._ZN3ros11NodeHandle_I13STM32HardwareLi25ELi25ELi512ELi512EE7publishEiPKNS_3MsgE
                0x00000000080033c0      0x158 ./Core/Src/mainpp.o
                0x00000000080033c0                ros::NodeHandle_<STM32Hardware, 25, 25, 512, 512>::publish(int, ros::Msg const*)
 .text._ZN3ros11NodeHandle_I13STM32HardwareLi25ELi25ELi512ELi512EE6setNowERKNS_4TimeE
                0x0000000008003518       0x88 ./Core/Src/mainpp.o
                0x0000000008003518                ros::NodeHandle_<STM32Hardware, 25, 25, 512, 512>::setNow(ros::Time const&)
 .text._ZN3ros11NodeHandle_I13STM32HardwareLi25ELi25ELi512ELi512EE8logerrorEPKc
                0x00000000080035a0       0x1c ./Core/Src/mainpp.o
                0x00000000080035a0                ros::NodeHandle_<STM32Hardware, 25, 25, 512, 512>::logerror(char const*)
 .text._ZN3ros11NodeHandle_I13STM32HardwareLi25ELi25ELi512ELi512EE3logEcPKc
                0x00000000080035bc       0x38 ./Core/Src/mainpp.o
                0x00000000080035bc                ros::NodeHandle_<STM32Hardware, 25, 25, 512, 512>::log(char, char const*)
 .text._Z41__static_initialization_and_destruction_0ii
                0x00000000080035f4       0x6c ./Core/Src/mainpp.o
 .text._ZN3ros10SubscriberIN13geometry_msgs5TwistEvE8callbackEPh
                0x0000000008003660       0x2a ./Core/Src/mainpp.o
                0x0000000008003660                ros::Subscriber<geometry_msgs::Twist, void>::callback(unsigned char*)
 .text._ZN3ros10SubscriberIN13geometry_msgs5TwistEvE15getEndpointTypeEv
                0x000000000800368a       0x18 ./Core/Src/mainpp.o
                0x000000000800368a                ros::Subscriber<geometry_msgs::Twist, void>::getEndpointType()
 .text._ZN3ros10SubscriberIN13geometry_msgs5TwistEvE10getMsgTypeEv
                0x00000000080036a2       0x1c ./Core/Src/mainpp.o
                0x00000000080036a2                ros::Subscriber<geometry_msgs::Twist, void>::getMsgType()
 .text._ZN3ros10SubscriberIN13geometry_msgs5TwistEvE9getMsgMD5Ev
                0x00000000080036be       0x1c ./Core/Src/mainpp.o
                0x00000000080036be                ros::Subscriber<geometry_msgs::Twist, void>::getMsgMD5()
 .text._ZN3ros11NodeHandle_I13STM32HardwareLi25ELi25ELi512ELi512EE9connectedEv
                0x00000000080036da       0x1e ./Core/Src/mainpp.o
                0x00000000080036da                ros::NodeHandle_<STM32Hardware, 25, 25, 512, 512>::connected()
 .text._GLOBAL__sub_I_nh
                0x00000000080036f8       0x10 ./Core/Src/mainpp.o
 .text._GLOBAL__sub_D_nh
                0x0000000008003708       0x10 ./Core/Src/mainpp.o
 .text.HAL_MspInit
                0x0000000008003718       0x48 ./Core/Src/stm32f7xx_hal_msp.o
                0x0000000008003718                HAL_MspInit
 .text.HAL_TIM_Base_MspInit
                0x0000000008003760       0x48 ./Core/Src/stm32f7xx_hal_msp.o
                0x0000000008003760                HAL_TIM_Base_MspInit
 .text.HAL_TIM_MspPostInit
                0x00000000080037a8       0x6c ./Core/Src/stm32f7xx_hal_msp.o
                0x00000000080037a8                HAL_TIM_MspPostInit
 .text.HAL_UART_MspInit
                0x0000000008003814      0x338 ./Core/Src/stm32f7xx_hal_msp.o
                0x0000000008003814                HAL_UART_MspInit
 .text.NMI_Handler
                0x0000000008003b4c        0x6 ./Core/Src/stm32f7xx_it.o
                0x0000000008003b4c                NMI_Handler
 .text.HardFault_Handler
                0x0000000008003b52        0x6 ./Core/Src/stm32f7xx_it.o
                0x0000000008003b52                HardFault_Handler
 .text.MemManage_Handler
                0x0000000008003b58        0x6 ./Core/Src/stm32f7xx_it.o
                0x0000000008003b58                MemManage_Handler
 .text.BusFault_Handler
                0x0000000008003b5e        0x6 ./Core/Src/stm32f7xx_it.o
                0x0000000008003b5e                BusFault_Handler
 .text.UsageFault_Handler
                0x0000000008003b64        0x6 ./Core/Src/stm32f7xx_it.o
                0x0000000008003b64                UsageFault_Handler
 .text.SVC_Handler
                0x0000000008003b6a        0xe ./Core/Src/stm32f7xx_it.o
                0x0000000008003b6a                SVC_Handler
 .text.DebugMon_Handler
                0x0000000008003b78        0xe ./Core/Src/stm32f7xx_it.o
                0x0000000008003b78                DebugMon_Handler
 .text.PendSV_Handler
                0x0000000008003b86        0xe ./Core/Src/stm32f7xx_it.o
                0x0000000008003b86                PendSV_Handler
 .text.SysTick_Handler
                0x0000000008003b94        0xc ./Core/Src/stm32f7xx_it.o
                0x0000000008003b94                SysTick_Handler
 .text.DMA1_Stream1_IRQHandler
                0x0000000008003ba0       0x14 ./Core/Src/stm32f7xx_it.o
                0x0000000008003ba0                DMA1_Stream1_IRQHandler
 .text.DMA1_Stream3_IRQHandler
                0x0000000008003bb4       0x14 ./Core/Src/stm32f7xx_it.o
                0x0000000008003bb4                DMA1_Stream3_IRQHandler
 .text.TIM2_IRQHandler
                0x0000000008003bc8       0x14 ./Core/Src/stm32f7xx_it.o
                0x0000000008003bc8                TIM2_IRQHandler
 .text.USART1_IRQHandler
                0x0000000008003bdc       0x14 ./Core/Src/stm32f7xx_it.o
                0x0000000008003bdc                USART1_IRQHandler
 .text.USART3_IRQHandler
                0x0000000008003bf0       0x14 ./Core/Src/stm32f7xx_it.o
                0x0000000008003bf0                USART3_IRQHandler
 .text.DMA2_Stream2_IRQHandler
                0x0000000008003c04       0x14 ./Core/Src/stm32f7xx_it.o
                0x0000000008003c04                DMA2_Stream2_IRQHandler
 .text.DMA2_Stream7_IRQHandler
                0x0000000008003c18       0x14 ./Core/Src/stm32f7xx_it.o
                0x0000000008003c18                DMA2_Stream7_IRQHandler
 .text._getpid  0x0000000008003c2c       0x10 ./Core/Src/syscalls.o
                0x0000000008003c2c                _getpid
 .text._kill    0x0000000008003c3c       0x20 ./Core/Src/syscalls.o
                0x0000000008003c3c                _kill
 .text._exit    0x0000000008003c5c       0x14 ./Core/Src/syscalls.o
                0x0000000008003c5c                _exit
 .text._sbrk    0x0000000008003c70       0x6c ./Core/Src/sysmem.o
                0x0000000008003c70                _sbrk
 .text.SystemInit
                0x0000000008003cdc       0x24 ./Core/Src/system_stm32f7xx.o
                0x0000000008003cdc                SystemInit
 .text.Reset_Handler
                0x0000000008003d00       0x50 ./Core/Startup/startup_stm32f767zitx.o
                0x0000000008003d00                Reset_Handler
 .text.Default_Handler
                0x0000000008003d50        0x2 ./Core/Startup/startup_stm32f767zitx.o
                0x0000000008003d50                RTC_Alarm_IRQHandler
                0x0000000008003d50                EXTI2_IRQHandler
                0x0000000008003d50                TIM8_CC_IRQHandler
                0x0000000008003d50                UART8_IRQHandler
                0x0000000008003d50                SPI4_IRQHandler
                0x0000000008003d50                TIM1_CC_IRQHandler
                0x0000000008003d50                DMA2_Stream5_IRQHandler
                0x0000000008003d50                JPEG_IRQHandler
                0x0000000008003d50                DMA1_Stream5_IRQHandler
                0x0000000008003d50                CAN3_RX1_IRQHandler
                0x0000000008003d50                PVD_IRQHandler
                0x0000000008003d50                TAMP_STAMP_IRQHandler
                0x0000000008003d50                CAN2_RX1_IRQHandler
                0x0000000008003d50                EXTI3_IRQHandler
                0x0000000008003d50                TIM8_TRG_COM_TIM14_IRQHandler
                0x0000000008003d50                DFSDM1_FLT1_IRQHandler
                0x0000000008003d50                TIM1_UP_TIM10_IRQHandler
                0x0000000008003d50                TIM8_UP_TIM13_IRQHandler
                0x0000000008003d50                I2C3_ER_IRQHandler
                0x0000000008003d50                DFSDM1_FLT2_IRQHandler
                0x0000000008003d50                EXTI0_IRQHandler
                0x0000000008003d50                I2C2_EV_IRQHandler
                0x0000000008003d50                DMA1_Stream2_IRQHandler
                0x0000000008003d50                CAN1_RX0_IRQHandler
                0x0000000008003d50                FPU_IRQHandler
                0x0000000008003d50                OTG_HS_WKUP_IRQHandler
                0x0000000008003d50                CAN3_SCE_IRQHandler
                0x0000000008003d50                LTDC_ER_IRQHandler
                0x0000000008003d50                CAN2_SCE_IRQHandler
                0x0000000008003d50                SPI1_IRQHandler
                0x0000000008003d50                TIM6_DAC_IRQHandler
                0x0000000008003d50                TIM1_BRK_TIM9_IRQHandler
                0x0000000008003d50                DCMI_IRQHandler
                0x0000000008003d50                CAN2_RX0_IRQHandler
                0x0000000008003d50                DMA2_Stream3_IRQHandler
                0x0000000008003d50                SAI2_IRQHandler
                0x0000000008003d50                DFSDM1_FLT3_IRQHandler
                0x0000000008003d50                USART6_IRQHandler
                0x0000000008003d50                CAN3_RX0_IRQHandler
                0x0000000008003d50                CAN1_RX1_IRQHandler
                0x0000000008003d50                UART5_IRQHandler
                0x0000000008003d50                DMA2_Stream0_IRQHandler
                0x0000000008003d50                TIM4_IRQHandler
                0x0000000008003d50                QUADSPI_IRQHandler
                0x0000000008003d50                I2C1_EV_IRQHandler
                0x0000000008003d50                DMA1_Stream6_IRQHandler
                0x0000000008003d50                UART4_IRQHandler
                0x0000000008003d50                TIM3_IRQHandler
                0x0000000008003d50                RCC_IRQHandler
                0x0000000008003d50                TIM8_BRK_TIM12_IRQHandler
                0x0000000008003d50                Default_Handler
                0x0000000008003d50                CEC_IRQHandler
                0x0000000008003d50                EXTI15_10_IRQHandler
                0x0000000008003d50                ADC_IRQHandler
                0x0000000008003d50                DMA1_Stream7_IRQHandler
                0x0000000008003d50                SPI5_IRQHandler
                0x0000000008003d50                TIM7_IRQHandler
                0x0000000008003d50                SDMMC1_IRQHandler
                0x0000000008003d50                CAN2_TX_IRQHandler
                0x0000000008003d50                TIM5_IRQHandler
                0x0000000008003d50                I2C3_EV_IRQHandler
                0x0000000008003d50                EXTI9_5_IRQHandler
                0x0000000008003d50                RTC_WKUP_IRQHandler
                0x0000000008003d50                LTDC_IRQHandler
                0x0000000008003d50                ETH_WKUP_IRQHandler
                0x0000000008003d50                SPDIF_RX_IRQHandler
                0x0000000008003d50                SPI2_IRQHandler
                0x0000000008003d50                OTG_HS_EP1_IN_IRQHandler
                0x0000000008003d50                DMA1_Stream0_IRQHandler
                0x0000000008003d50                CAN1_TX_IRQHandler
                0x0000000008003d50                EXTI4_IRQHandler
                0x0000000008003d50                RNG_IRQHandler
                0x0000000008003d50                ETH_IRQHandler
                0x0000000008003d50                OTG_HS_EP1_OUT_IRQHandler
                0x0000000008003d50                WWDG_IRQHandler
                0x0000000008003d50                SPI6_IRQHandler
                0x0000000008003d50                MDIOS_IRQHandler
                0x0000000008003d50                I2C4_EV_IRQHandler
                0x0000000008003d50                CAN3_TX_IRQHandler
                0x0000000008003d50                OTG_FS_WKUP_IRQHandler
                0x0000000008003d50                TIM1_TRG_COM_TIM11_IRQHandler
                0x0000000008003d50                OTG_HS_IRQHandler
                0x0000000008003d50                DMA2D_IRQHandler
                0x0000000008003d50                EXTI1_IRQHandler
                0x0000000008003d50                SDMMC2_IRQHandler
                0x0000000008003d50                UART7_IRQHandler
                0x0000000008003d50                USART2_IRQHandler
                0x0000000008003d50                DFSDM1_FLT0_IRQHandler
                0x0000000008003d50                I2C2_ER_IRQHandler
                0x0000000008003d50                DMA2_Stream1_IRQHandler
                0x0000000008003d50                CAN1_SCE_IRQHandler
                0x0000000008003d50                FLASH_IRQHandler
                0x0000000008003d50                DMA2_Stream4_IRQHandler
                0x0000000008003d50                OTG_FS_IRQHandler
                0x0000000008003d50                SPI3_IRQHandler
                0x0000000008003d50                DMA1_Stream4_IRQHandler
                0x0000000008003d50                I2C1_ER_IRQHandler
                0x0000000008003d50                FMC_IRQHandler
                0x0000000008003d50                LPTIM1_IRQHandler
                0x0000000008003d50                I2C4_ER_IRQHandler
                0x0000000008003d50                DMA2_Stream6_IRQHandler
                0x0000000008003d50                SAI1_IRQHandler
 .text.HAL_Init
                0x0000000008003d52       0x1a ./Drivers/STM32F7xx_HAL_Driver/Src/stm32f7xx_hal.o
                0x0000000008003d52                HAL_Init
 .text.HAL_InitTick
                0x0000000008003d6c       0x60 ./Drivers/STM32F7xx_HAL_Driver/Src/stm32f7xx_hal.o
                0x0000000008003d6c                HAL_InitTick
 .text.HAL_IncTick
                0x0000000008003dcc       0x28 ./Drivers/STM32F7xx_HAL_Driver/Src/stm32f7xx_hal.o
                0x0000000008003dcc                HAL_IncTick
 .text.HAL_GetTick
                0x0000000008003df4       0x18 ./Drivers/STM32F7xx_HAL_Driver/Src/stm32f7xx_hal.o
                0x0000000008003df4                HAL_GetTick
 .text.__NVIC_SetPriorityGrouping
                0x0000000008003e0c       0x48 ./Drivers/STM32F7xx_HAL_Driver/Src/stm32f7xx_hal_cortex.o
 .text.__NVIC_GetPriorityGrouping
                0x0000000008003e54       0x1c ./Drivers/STM32F7xx_HAL_Driver/Src/stm32f7xx_hal_cortex.o
 .text.__NVIC_EnableIRQ
                0x0000000008003e70       0x3c ./Drivers/STM32F7xx_HAL_Driver/Src/stm32f7xx_hal_cortex.o
 .text.__NVIC_SetPriority
                0x0000000008003eac       0x54 ./Drivers/STM32F7xx_HAL_Driver/Src/stm32f7xx_hal_cortex.o
 .text.NVIC_EncodePriority
                0x0000000008003f00       0x66 ./Drivers/STM32F7xx_HAL_Driver/Src/stm32f7xx_hal_cortex.o
 *fill*         0x0000000008003f66        0x2 
 .text.SysTick_Config
                0x0000000008003f68       0x44 ./Drivers/STM32F7xx_HAL_Driver/Src/stm32f7xx_hal_cortex.o
 .text.HAL_NVIC_SetPriorityGrouping
                0x0000000008003fac       0x16 ./Drivers/STM32F7xx_HAL_Driver/Src/stm32f7xx_hal_cortex.o
                0x0000000008003fac                HAL_NVIC_SetPriorityGrouping
 .text.HAL_NVIC_SetPriority
                0x0000000008003fc2       0x38 ./Drivers/STM32F7xx_HAL_Driver/Src/stm32f7xx_hal_cortex.o
                0x0000000008003fc2                HAL_NVIC_SetPriority
 .text.HAL_NVIC_EnableIRQ
                0x0000000008003ffa       0x1c ./Drivers/STM32F7xx_HAL_Driver/Src/stm32f7xx_hal_cortex.o
                0x0000000008003ffa                HAL_NVIC_EnableIRQ
 .text.HAL_SYSTICK_Config
                0x0000000008004016       0x18 ./Drivers/STM32F7xx_HAL_Driver/Src/stm32f7xx_hal_cortex.o
                0x0000000008004016                HAL_SYSTICK_Config
 *fill*         0x000000000800402e        0x2 
 .text.HAL_DMA_Init
                0x0000000008004030      0x15c ./Drivers/STM32F7xx_HAL_Driver/Src/stm32f7xx_hal_dma.o
                0x0000000008004030                HAL_DMA_Init
 .text.HAL_DMA_Start_IT
                0x000000000800418c       0xc0 ./Drivers/STM32F7xx_HAL_Driver/Src/stm32f7xx_hal_dma.o
                0x000000000800418c                HAL_DMA_Start_IT
 .text.HAL_DMA_Abort
                0x000000000800424c       0xe0 ./Drivers/STM32F7xx_HAL_Driver/Src/stm32f7xx_hal_dma.o
                0x000000000800424c                HAL_DMA_Abort
 .text.HAL_DMA_Abort_IT
                0x000000000800432c       0x44 ./Drivers/STM32F7xx_HAL_Driver/Src/stm32f7xx_hal_dma.o
                0x000000000800432c                HAL_DMA_Abort_IT
 .text.HAL_DMA_IRQHandler
                0x0000000008004370      0x314 ./Drivers/STM32F7xx_HAL_Driver/Src/stm32f7xx_hal_dma.o
                0x0000000008004370                HAL_DMA_IRQHandler
 .text.DMA_SetConfig
                0x0000000008004684       0x5c ./Drivers/STM32F7xx_HAL_Driver/Src/stm32f7xx_hal_dma.o
 .text.DMA_CalcBaseAndBitshift
                0x00000000080046e0       0x6c ./Drivers/STM32F7xx_HAL_Driver/Src/stm32f7xx_hal_dma.o
 .text.DMA_CheckFifoParam
                0x000000000800474c       0xf8 ./Drivers/STM32F7xx_HAL_Driver/Src/stm32f7xx_hal_dma.o
 .text.HAL_GPIO_Init
                0x0000000008004844      0x358 ./Drivers/STM32F7xx_HAL_Driver/Src/stm32f7xx_hal_gpio.o
                0x0000000008004844                HAL_GPIO_Init
 .text.HAL_GPIO_WritePin
                0x0000000008004b9c       0x32 ./Drivers/STM32F7xx_HAL_Driver/Src/stm32f7xx_hal_gpio.o
                0x0000000008004b9c                HAL_GPIO_WritePin
 *fill*         0x0000000008004bce        0x2 
 .text.HAL_RCC_OscConfig
                0x0000000008004bd0      0x55c ./Drivers/STM32F7xx_HAL_Driver/Src/stm32f7xx_hal_rcc.o
                0x0000000008004bd0                HAL_RCC_OscConfig
 .text.HAL_RCC_ClockConfig
                0x000000000800512c      0x1d8 ./Drivers/STM32F7xx_HAL_Driver/Src/stm32f7xx_hal_rcc.o
                0x000000000800512c                HAL_RCC_ClockConfig
 .text.HAL_RCC_GetSysClockFreq
                0x0000000008005304      0x208 ./Drivers/STM32F7xx_HAL_Driver/Src/stm32f7xx_hal_rcc.o
                0x0000000008005304                HAL_RCC_GetSysClockFreq
 .text.HAL_RCC_GetHCLKFreq
                0x000000000800550c       0x18 ./Drivers/STM32F7xx_HAL_Driver/Src/stm32f7xx_hal_rcc.o
                0x000000000800550c                HAL_RCC_GetHCLKFreq
 .text.HAL_RCC_GetPCLK1Freq
                0x0000000008005524       0x28 ./Drivers/STM32F7xx_HAL_Driver/Src/stm32f7xx_hal_rcc.o
                0x0000000008005524                HAL_RCC_GetPCLK1Freq
 .text.HAL_RCC_GetPCLK2Freq
                0x000000000800554c       0x28 ./Drivers/STM32F7xx_HAL_Driver/Src/stm32f7xx_hal_rcc.o
                0x000000000800554c                HAL_RCC_GetPCLK2Freq
 .text.HAL_RCCEx_PeriphCLKConfig
                0x0000000008005574      0x850 ./Drivers/STM32F7xx_HAL_Driver/Src/stm32f7xx_hal_rcc_ex.o
                0x0000000008005574                HAL_RCCEx_PeriphCLKConfig
 .text.HAL_TIM_Base_Init
                0x0000000008005dc4       0xae ./Drivers/STM32F7xx_HAL_Driver/Src/stm32f7xx_hal_tim.o
                0x0000000008005dc4                HAL_TIM_Base_Init
 .text.HAL_TIM_PWM_Init
                0x0000000008005e72       0xae ./Drivers/STM32F7xx_HAL_Driver/Src/stm32f7xx_hal_tim.o
                0x0000000008005e72                HAL_TIM_PWM_Init
 .text.HAL_TIM_PWM_MspInit
                0x0000000008005f20       0x14 ./Drivers/STM32F7xx_HAL_Driver/Src/stm32f7xx_hal_tim.o
                0x0000000008005f20                HAL_TIM_PWM_MspInit
 .text.HAL_TIM_PWM_Start
                0x0000000008005f34      0x1f4 ./Drivers/STM32F7xx_HAL_Driver/Src/stm32f7xx_hal_tim.o
                0x0000000008005f34                HAL_TIM_PWM_Start
 .text.HAL_TIM_IRQHandler
                0x0000000008006128      0x23e ./Drivers/STM32F7xx_HAL_Driver/Src/stm32f7xx_hal_tim.o
                0x0000000008006128                HAL_TIM_IRQHandler
 *fill*         0x0000000008006366        0x2 
 .text.HAL_TIM_PWM_ConfigChannel
                0x0000000008006368      0x228 ./Drivers/STM32F7xx_HAL_Driver/Src/stm32f7xx_hal_tim.o
                0x0000000008006368                HAL_TIM_PWM_ConfigChannel
 .text.HAL_TIM_ConfigClockSource
                0x0000000008006590      0x194 ./Drivers/STM32F7xx_HAL_Driver/Src/stm32f7xx_hal_tim.o
                0x0000000008006590                HAL_TIM_ConfigClockSource
 .text.HAL_TIM_PeriodElapsedCallback
                0x0000000008006724       0x14 ./Drivers/STM32F7xx_HAL_Driver/Src/stm32f7xx_hal_tim.o
                0x0000000008006724                HAL_TIM_PeriodElapsedCallback
 .text.HAL_TIM_OC_DelayElapsedCallback
                0x0000000008006738       0x14 ./Drivers/STM32F7xx_HAL_Driver/Src/stm32f7xx_hal_tim.o
                0x0000000008006738                HAL_TIM_OC_DelayElapsedCallback
 .text.HAL_TIM_IC_CaptureCallback
                0x000000000800674c       0x14 ./Drivers/STM32F7xx_HAL_Driver/Src/stm32f7xx_hal_tim.o
                0x000000000800674c                HAL_TIM_IC_CaptureCallback
 .text.HAL_TIM_PWM_PulseFinishedCallback
                0x0000000008006760       0x14 ./Drivers/STM32F7xx_HAL_Driver/Src/stm32f7xx_hal_tim.o
                0x0000000008006760                HAL_TIM_PWM_PulseFinishedCallback
 .text.HAL_TIM_TriggerCallback
                0x0000000008006774       0x14 ./Drivers/STM32F7xx_HAL_Driver/Src/stm32f7xx_hal_tim.o
                0x0000000008006774                HAL_TIM_TriggerCallback
 .text.TIM_Base_SetConfig
                0x0000000008006788      0x140 ./Drivers/STM32F7xx_HAL_Driver/Src/stm32f7xx_hal_tim.o
                0x0000000008006788                TIM_Base_SetConfig
 .text.TIM_OC1_SetConfig
                0x00000000080068c8       0xe4 ./Drivers/STM32F7xx_HAL_Driver/Src/stm32f7xx_hal_tim.o
 .text.TIM_OC2_SetConfig
                0x00000000080069ac       0xf0 ./Drivers/STM32F7xx_HAL_Driver/Src/stm32f7xx_hal_tim.o
                0x00000000080069ac                TIM_OC2_SetConfig
 .text.TIM_OC3_SetConfig
                0x0000000008006a9c       0xec ./Drivers/STM32F7xx_HAL_Driver/Src/stm32f7xx_hal_tim.o
 .text.TIM_OC4_SetConfig
                0x0000000008006b88       0xb0 ./Drivers/STM32F7xx_HAL_Driver/Src/stm32f7xx_hal_tim.o
 .text.TIM_OC5_SetConfig
                0x0000000008006c38       0xa4 ./Drivers/STM32F7xx_HAL_Driver/Src/stm32f7xx_hal_tim.o
 .text.TIM_OC6_SetConfig
                0x0000000008006cdc       0xa8 ./Drivers/STM32F7xx_HAL_Driver/Src/stm32f7xx_hal_tim.o
 .text.TIM_TI1_ConfigInputStage
                0x0000000008006d84       0x5e ./Drivers/STM32F7xx_HAL_Driver/Src/stm32f7xx_hal_tim.o
 .text.TIM_TI2_ConfigInputStage
                0x0000000008006de2       0x60 ./Drivers/STM32F7xx_HAL_Driver/Src/stm32f7xx_hal_tim.o
 .text.TIM_ITRx_SetConfig
                0x0000000008006e42       0x36 ./Drivers/STM32F7xx_HAL_Driver/Src/stm32f7xx_hal_tim.o
 .text.TIM_ETR_SetConfig
                0x0000000008006e78       0x40 ./Drivers/STM32F7xx_HAL_Driver/Src/stm32f7xx_hal_tim.o
                0x0000000008006e78                TIM_ETR_SetConfig
 .text.TIM_CCxChannelCmd
                0x0000000008006eb8       0x4a ./Drivers/STM32F7xx_HAL_Driver/Src/stm32f7xx_hal_tim.o
                0x0000000008006eb8                TIM_CCxChannelCmd
 *fill*         0x0000000008006f02        0x2 
 .text.HAL_TIMEx_MasterConfigSynchronization
                0x0000000008006f04      0x11c ./Drivers/STM32F7xx_HAL_Driver/Src/stm32f7xx_hal_tim_ex.o
                0x0000000008006f04                HAL_TIMEx_MasterConfigSynchronization
 .text.HAL_TIMEx_CommutCallback
                0x0000000008007020       0x14 ./Drivers/STM32F7xx_HAL_Driver/Src/stm32f7xx_hal_tim_ex.o
                0x0000000008007020                HAL_TIMEx_CommutCallback
 .text.HAL_TIMEx_BreakCallback
                0x0000000008007034       0x14 ./Drivers/STM32F7xx_HAL_Driver/Src/stm32f7xx_hal_tim_ex.o
                0x0000000008007034                HAL_TIMEx_BreakCallback
 .text.HAL_TIMEx_Break2Callback
                0x0000000008007048       0x14 ./Drivers/STM32F7xx_HAL_Driver/Src/stm32f7xx_hal_tim_ex.o
                0x0000000008007048                HAL_TIMEx_Break2Callback
 .text.HAL_UART_Init
                0x000000000800705c       0x9c ./Drivers/STM32F7xx_HAL_Driver/Src/stm32f7xx_hal_uart.o
                0x000000000800705c                HAL_UART_Init
 .text.HAL_UART_Transmit
                0x00000000080070f8      0x106 ./Drivers/STM32F7xx_HAL_Driver/Src/stm32f7xx_hal_uart.o
                0x00000000080070f8                HAL_UART_Transmit
 .text.HAL_UART_Receive
                0x00000000080071fe      0x188 ./Drivers/STM32F7xx_HAL_Driver/Src/stm32f7xx_hal_uart.o
                0x00000000080071fe                HAL_UART_Receive
 *fill*         0x0000000008007386        0x2 
 .text.HAL_UART_Transmit_DMA
                0x0000000008007388       0xf8 ./Drivers/STM32F7xx_HAL_Driver/Src/stm32f7xx_hal_uart.o
                0x0000000008007388                HAL_UART_Transmit_DMA
 .text.HAL_UART_Receive_DMA
                0x0000000008007480       0x88 ./Drivers/STM32F7xx_HAL_Driver/Src/stm32f7xx_hal_uart.o
                0x0000000008007480                HAL_UART_Receive_DMA
 .text.HAL_UART_IRQHandler
                0x0000000008007508      0x5d0 ./Drivers/STM32F7xx_HAL_Driver/Src/stm32f7xx_hal_uart.o
                0x0000000008007508                HAL_UART_IRQHandler
 .text.HAL_UART_TxHalfCpltCallback
                0x0000000008007ad8       0x14 ./Drivers/STM32F7xx_HAL_Driver/Src/stm32f7xx_hal_uart.o
                0x0000000008007ad8                HAL_UART_TxHalfCpltCallback
 .text.HAL_UART_RxHalfCpltCallback
                0x0000000008007aec       0x14 ./Drivers/STM32F7xx_HAL_Driver/Src/stm32f7xx_hal_uart.o
                0x0000000008007aec                HAL_UART_RxHalfCpltCallback
 .text.HAL_UART_ErrorCallback
                0x0000000008007b00       0x14 ./Drivers/STM32F7xx_HAL_Driver/Src/stm32f7xx_hal_uart.o
                0x0000000008007b00                HAL_UART_ErrorCallback
 .text.HAL_UARTEx_RxEventCallback
                0x0000000008007b14       0x18 ./Drivers/STM32F7xx_HAL_Driver/Src/stm32f7xx_hal_uart.o
                0x0000000008007b14                HAL_UARTEx_RxEventCallback
 .text.HAL_UARTEx_WakeupCallback
                0x0000000008007b2c       0x14 ./Drivers/STM32F7xx_HAL_Driver/Src/stm32f7xx_hal_uart.o
                0x0000000008007b2c                HAL_UARTEx_WakeupCallback
 .text.UART_SetConfig
                0x0000000008007b40      0x4c8 ./Drivers/STM32F7xx_HAL_Driver/Src/stm32f7xx_hal_uart.o
                0x0000000008007b40                UART_SetConfig
 .text.UART_AdvFeatureConfig
                0x0000000008008008      0x144 ./Drivers/STM32F7xx_HAL_Driver/Src/stm32f7xx_hal_uart.o
                0x0000000008008008                UART_AdvFeatureConfig
 .text.UART_CheckIdleState
                0x000000000800814c       0x9a ./Drivers/STM32F7xx_HAL_Driver/Src/stm32f7xx_hal_uart.o
                0x000000000800814c                UART_CheckIdleState
 .text.UART_WaitOnFlagUntilTimeout
                0x00000000080081e6      0x18c ./Drivers/STM32F7xx_HAL_Driver/Src/stm32f7xx_hal_uart.o
                0x00000000080081e6                UART_WaitOnFlagUntilTimeout
 *fill*         0x0000000008008372        0x2 
 .text.UART_Start_Receive_DMA
                0x0000000008008374      0x140 ./Drivers/STM32F7xx_HAL_Driver/Src/stm32f7xx_hal_uart.o
                0x0000000008008374                UART_Start_Receive_DMA
 .text.UART_EndTxTransfer
                0x00000000080084b4       0x4c ./Drivers/STM32F7xx_HAL_Driver/Src/stm32f7xx_hal_uart.o
 .text.UART_EndRxTransfer
                0x0000000008008500       0xc8 ./Drivers/STM32F7xx_HAL_Driver/Src/stm32f7xx_hal_uart.o
 .text.UART_DMATransmitCplt
                0x00000000080085c8       0x96 ./Drivers/STM32F7xx_HAL_Driver/Src/stm32f7xx_hal_uart.o
 .text.UART_DMATxHalfCplt
                0x000000000800865e       0x1c ./Drivers/STM32F7xx_HAL_Driver/Src/stm32f7xx_hal_uart.o
 .text.UART_DMAReceiveCplt
                0x000000000800867a      0x128 ./Drivers/STM32F7xx_HAL_Driver/Src/stm32f7xx_hal_uart.o
 .text.UART_DMARxHalfCplt
                0x00000000080087a2       0x3e ./Drivers/STM32F7xx_HAL_Driver/Src/stm32f7xx_hal_uart.o
 .text.UART_DMAError
                0x00000000080087e0       0x7e ./Drivers/STM32F7xx_HAL_Driver/Src/stm32f7xx_hal_uart.o
 .text.UART_DMAAbortOnError
                0x000000000800885e       0x2c ./Drivers/STM32F7xx_HAL_Driver/Src/stm32f7xx_hal_uart.o
 .text.UART_EndTransmit_IT
                0x000000000800888a       0x54 ./Drivers/STM32F7xx_HAL_Driver/Src/stm32f7xx_hal_uart.o
 .text.__cxa_pure_virtual
                0x00000000080088de        0x6 c:/st/stm32cubeide_1.10.1/stm32cubeide/plugins/com.st.stm32cube.ide.mcu.externaltools.gnu-tools-for-stm32.10.3-2021.10.win32_1.0.0.202111181127/tools/bin/../lib/gcc/arm-none-eabi/10.3.1/../../../../arm-none-eabi/lib/thumb/v7e-m+dp/hard\libstdc++_nano.a(pure.o)
                0x00000000080088de                __cxa_pure_virtual
 .text._ZN10__cxxabiv111__terminateEPFvvE
                0x00000000080088e4        0x8 c:/st/stm32cubeide_1.10.1/stm32cubeide/plugins/com.st.stm32cube.ide.mcu.externaltools.gnu-tools-for-stm32.10.3-2021.10.win32_1.0.0.202111181127/tools/bin/../lib/gcc/arm-none-eabi/10.3.1/../../../../arm-none-eabi/lib/thumb/v7e-m+dp/hard\libstdc++_nano.a(eh_terminate.o)
                0x00000000080088e4                __cxxabiv1::__terminate(void (*)())
 .text._ZSt13get_terminatev
                0x00000000080088ec       0x10 c:/st/stm32cubeide_1.10.1/stm32cubeide/plugins/com.st.stm32cube.ide.mcu.externaltools.gnu-tools-for-stm32.10.3-2021.10.win32_1.0.0.202111181127/tools/bin/../lib/gcc/arm-none-eabi/10.3.1/../../../../arm-none-eabi/lib/thumb/v7e-m+dp/hard\libstdc++_nano.a(eh_terminate.o)
                0x00000000080088ec                std::get_terminate()
 .text._ZSt9terminatev
                0x00000000080088fc        0xa c:/st/stm32cubeide_1.10.1/stm32cubeide/plugins/com.st.stm32cube.ide.mcu.externaltools.gnu-tools-for-stm32.10.3-2021.10.win32_1.0.0.202111181127/tools/bin/../lib/gcc/arm-none-eabi/10.3.1/../../../../arm-none-eabi/lib/thumb/v7e-m+dp/hard\libstdc++_nano.a(eh_terminate.o)
                0x00000000080088fc                std::terminate()
 .text.abort    0x0000000008008906        0xe c:/st/stm32cubeide_1.10.1/stm32cubeide/plugins/com.st.stm32cube.ide.mcu.externaltools.gnu-tools-for-stm32.10.3-2021.10.win32_1.0.0.202111181127/tools/bin/../lib/gcc/arm-none-eabi/10.3.1/../../../../arm-none-eabi/lib/thumb/v7e-m+dp/hard\libc_nano.a(lib_a-abort.o)
                0x0000000008008906                abort
 .text.__errno  0x0000000008008914        0xc c:/st/stm32cubeide_1.10.1/stm32cubeide/plugins/com.st.stm32cube.ide.mcu.externaltools.gnu-tools-for-stm32.10.3-2021.10.win32_1.0.0.202111181127/tools/bin/../lib/gcc/arm-none-eabi/10.3.1/../../../../arm-none-eabi/lib/thumb/v7e-m+dp/hard\libc_nano.a(lib_a-errno.o)
                0x0000000008008914                __errno
 .text.__libc_init_array
                0x0000000008008920       0x48 c:/st/stm32cubeide_1.10.1/stm32cubeide/plugins/com.st.stm32cube.ide.mcu.externaltools.gnu-tools-for-stm32.10.3-2021.10.win32_1.0.0.202111181127/tools/bin/../lib/gcc/arm-none-eabi/10.3.1/../../../../arm-none-eabi/lib/thumb/v7e-m+dp/hard\libc_nano.a(lib_a-init.o)
                0x0000000008008920                __libc_init_array
 .text.memcpy   0x0000000008008968       0x1c c:/st/stm32cubeide_1.10.1/stm32cubeide/plugins/com.st.stm32cube.ide.mcu.externaltools.gnu-tools-for-stm32.10.3-2021.10.win32_1.0.0.202111181127/tools/bin/../lib/gcc/arm-none-eabi/10.3.1/../../../../arm-none-eabi/lib/thumb/v7e-m+dp/hard\libc_nano.a(lib_a-memcpy-stub.o)
                0x0000000008008968                memcpy
 .text.memset   0x0000000008008984       0x10 c:/st/stm32cubeide_1.10.1/stm32cubeide/plugins/com.st.stm32cube.ide.mcu.externaltools.gnu-tools-for-stm32.10.3-2021.10.win32_1.0.0.202111181127/tools/bin/../lib/gcc/arm-none-eabi/10.3.1/../../../../arm-none-eabi/lib/thumb/v7e-m+dp/hard\libc_nano.a(lib_a-memset.o)
                0x0000000008008984                memset
 .text.realloc  0x0000000008008994       0x10 c:/st/stm32cubeide_1.10.1/stm32cubeide/plugins/com.st.stm32cube.ide.mcu.externaltools.gnu-tools-for-stm32.10.3-2021.10.win32_1.0.0.202111181127/tools/bin/../lib/gcc/arm-none-eabi/10.3.1/../../../../arm-none-eabi/lib/thumb/v7e-m+dp/hard\libc_nano.a(lib_a-realloc.o)
                0x0000000008008994                realloc
 .text._raise_r
                0x00000000080089a4       0x50 c:/st/stm32cubeide_1.10.1/stm32cubeide/plugins/com.st.stm32cube.ide.mcu.externaltools.gnu-tools-for-stm32.10.3-2021.10.win32_1.0.0.202111181127/tools/bin/../lib/gcc/arm-none-eabi/10.3.1/../../../../arm-none-eabi/lib/thumb/v7e-m+dp/hard\libc_nano.a(lib_a-signal.o)
                0x00000000080089a4                _raise_r
 .text.raise    0x00000000080089f4       0x10 c:/st/stm32cubeide_1.10.1/stm32cubeide/plugins/com.st.stm32cube.ide.mcu.externaltools.gnu-tools-for-stm32.10.3-2021.10.win32_1.0.0.202111181127/tools/bin/../lib/gcc/arm-none-eabi/10.3.1/../../../../arm-none-eabi/lib/thumb/v7e-m+dp/hard\libc_nano.a(lib_a-signal.o)
                0x00000000080089f4                raise
 .text._kill_r  0x0000000008008a04       0x24 c:/st/stm32cubeide_1.10.1/stm32cubeide/plugins/com.st.stm32cube.ide.mcu.externaltools.gnu-tools-for-stm32.10.3-2021.10.win32_1.0.0.202111181127/tools/bin/../lib/gcc/arm-none-eabi/10.3.1/../../../../arm-none-eabi/lib/thumb/v7e-m+dp/hard\libc_nano.a(lib_a-signalr.o)
                0x0000000008008a04                _kill_r
 .text._getpid_r
                0x0000000008008a28        0x4 c:/st/stm32cubeide_1.10.1/stm32cubeide/plugins/com.st.stm32cube.ide.mcu.externaltools.gnu-tools-for-stm32.10.3-2021.10.win32_1.0.0.202111181127/tools/bin/../lib/gcc/arm-none-eabi/10.3.1/../../../../arm-none-eabi/lib/thumb/v7e-m+dp/hard\libc_nano.a(lib_a-signalr.o)
                0x0000000008008a28                _getpid_r
 .text.sbrk_aligned
                0x0000000008008a2c       0x40 c:/st/stm32cubeide_1.10.1/stm32cubeide/plugins/com.st.stm32cube.ide.mcu.externaltools.gnu-tools-for-stm32.10.3-2021.10.win32_1.0.0.202111181127/tools/bin/../lib/gcc/arm-none-eabi/10.3.1/../../../../arm-none-eabi/lib/thumb/v7e-m+dp/hard\libc_nano.a(lib_a-nano-mallocr.o)
 .text._malloc_r
                0x0000000008008a6c       0xe8 c:/st/stm32cubeide_1.10.1/stm32cubeide/plugins/com.st.stm32cube.ide.mcu.externaltools.gnu-tools-for-stm32.10.3-2021.10.win32_1.0.0.202111181127/tools/bin/../lib/gcc/arm-none-eabi/10.3.1/../../../../arm-none-eabi/lib/thumb/v7e-m+dp/hard\libc_nano.a(lib_a-nano-mallocr.o)
                0x0000000008008a6c                _malloc_r
 .text._realloc_r
                0x0000000008008b54       0x5e c:/st/stm32cubeide_1.10.1/stm32cubeide/plugins/com.st.stm32cube.ide.mcu.externaltools.gnu-tools-for-stm32.10.3-2021.10.win32_1.0.0.202111181127/tools/bin/../lib/gcc/arm-none-eabi/10.3.1/../../../../arm-none-eabi/lib/thumb/v7e-m+dp/hard\libc_nano.a(lib_a-nano-reallocr.o)
                0x0000000008008b54                _realloc_r
 *fill*         0x0000000008008bb2        0x2 
 .text._sbrk_r  0x0000000008008bb4       0x20 c:/st/stm32cubeide_1.10.1/stm32cubeide/plugins/com.st.stm32cube.ide.mcu.externaltools.gnu-tools-for-stm32.10.3-2021.10.win32_1.0.0.202111181127/tools/bin/../lib/gcc/arm-none-eabi/10.3.1/../../../../arm-none-eabi/lib/thumb/v7e-m+dp/hard\libc_nano.a(lib_a-sbrkr.o)
                0x0000000008008bb4                _sbrk_r
 .text.__malloc_lock
                0x0000000008008bd4        0xc c:/st/stm32cubeide_1.10.1/stm32cubeide/plugins/com.st.stm32cube.ide.mcu.externaltools.gnu-tools-for-stm32.10.3-2021.10.win32_1.0.0.202111181127/tools/bin/../lib/gcc/arm-none-eabi/10.3.1/../../../../arm-none-eabi/lib/thumb/v7e-m+dp/hard\libc_nano.a(lib_a-mlock.o)
                0x0000000008008bd4                __malloc_lock
 .text.__malloc_unlock
                0x0000000008008be0        0xc c:/st/stm32cubeide_1.10.1/stm32cubeide/plugins/com.st.stm32cube.ide.mcu.externaltools.gnu-tools-for-stm32.10.3-2021.10.win32_1.0.0.202111181127/tools/bin/../lib/gcc/arm-none-eabi/10.3.1/../../../../arm-none-eabi/lib/thumb/v7e-m+dp/hard\libc_nano.a(lib_a-mlock.o)
                0x0000000008008be0                __malloc_unlock
 .text._free_r  0x0000000008008bec       0x98 c:/st/stm32cubeide_1.10.1/stm32cubeide/plugins/com.st.stm32cube.ide.mcu.externaltools.gnu-tools-for-stm32.10.3-2021.10.win32_1.0.0.202111181127/tools/bin/../lib/gcc/arm-none-eabi/10.3.1/../../../../arm-none-eabi/lib/thumb/v7e-m+dp/hard\libc_nano.a(lib_a-nano-freer.o)
                0x0000000008008bec                _free_r
 .text._malloc_usable_size_r
                0x0000000008008c84       0x10 c:/st/stm32cubeide_1.10.1/stm32cubeide/plugins/com.st.stm32cube.ide.mcu.externaltools.gnu-tools-for-stm32.10.3-2021.10.win32_1.0.0.202111181127/tools/bin/../lib/gcc/arm-none-eabi/10.3.1/../../../../arm-none-eabi/lib/thumb/v7e-m+dp/hard\libc_nano.a(lib_a-nano-msizer.o)
                0x0000000008008c84                _malloc_usable_size_r
 .text.__retarget_lock_acquire_recursive
                0x0000000008008c94        0x2 c:/st/stm32cubeide_1.10.1/stm32cubeide/plugins/com.st.stm32cube.ide.mcu.externaltools.gnu-tools-for-stm32.10.3-2021.10.win32_1.0.0.202111181127/tools/bin/../lib/gcc/arm-none-eabi/10.3.1/../../../../arm-none-eabi/lib/thumb/v7e-m+dp/hard\libc_nano.a(lib_a-lock.o)
                0x0000000008008c94                __retarget_lock_acquire_recursive
 .text.__retarget_lock_release_recursive
                0x0000000008008c96        0x2 c:/st/stm32cubeide_1.10.1/stm32cubeide/plugins/com.st.stm32cube.ide.mcu.externaltools.gnu-tools-for-stm32.10.3-2021.10.win32_1.0.0.202111181127/tools/bin/../lib/gcc/arm-none-eabi/10.3.1/../../../../arm-none-eabi/lib/thumb/v7e-m+dp/hard\libc_nano.a(lib_a-lock.o)
                0x0000000008008c96                __retarget_lock_release_recursive
 *(.glue_7)
 .glue_7        0x0000000008008c98        0x0 linker stubs
 *(.glue_7t)
 .glue_7t       0x0000000008008c98        0x0 linker stubs
 *(.eh_frame)
 .eh_frame      0x0000000008008c98        0x0 c:/st/stm32cubeide_1.10.1/stm32cubeide/plugins/com.st.stm32cube.ide.mcu.externaltools.gnu-tools-for-stm32.10.3-2021.10.win32_1.0.0.202111181127/tools/bin/../lib/gcc/arm-none-eabi/10.3.1/thumb/v7e-m+dp/hard/crtbegin.o
 *(.init)
 .init          0x0000000008008c98        0x4 c:/st/stm32cubeide_1.10.1/stm32cubeide/plugins/com.st.stm32cube.ide.mcu.externaltools.gnu-tools-for-stm32.10.3-2021.10.win32_1.0.0.202111181127/tools/bin/../lib/gcc/arm-none-eabi/10.3.1/thumb/v7e-m+dp/hard/crti.o
                0x0000000008008c98                _init
 .init          0x0000000008008c9c        0x8 c:/st/stm32cubeide_1.10.1/stm32cubeide/plugins/com.st.stm32cube.ide.mcu.externaltools.gnu-tools-for-stm32.10.3-2021.10.win32_1.0.0.202111181127/tools/bin/../lib/gcc/arm-none-eabi/10.3.1/thumb/v7e-m+dp/hard/crtn.o
 *(.fini)
 .fini          0x0000000008008ca4        0x4 c:/st/stm32cubeide_1.10.1/stm32cubeide/plugins/com.st.stm32cube.ide.mcu.externaltools.gnu-tools-for-stm32.10.3-2021.10.win32_1.0.0.202111181127/tools/bin/../lib/gcc/arm-none-eabi/10.3.1/thumb/v7e-m+dp/hard/crti.o
                0x0000000008008ca4                _fini
 .fini          0x0000000008008ca8        0x8 c:/st/stm32cubeide_1.10.1/stm32cubeide/plugins/com.st.stm32cube.ide.mcu.externaltools.gnu-tools-for-stm32.10.3-2021.10.win32_1.0.0.202111181127/tools/bin/../lib/gcc/arm-none-eabi/10.3.1/thumb/v7e-m+dp/hard/crtn.o
                0x0000000008008cb0                . = ALIGN (0x4)
                0x0000000008008cb0                _etext = .

.vfp11_veneer   0x0000000008008cb0        0x0
 .vfp11_veneer  0x0000000008008cb0        0x0 linker stubs

.v4_bx          0x0000000008008cb0        0x0
 .v4_bx         0x0000000008008cb0        0x0 linker stubs

.iplt           0x0000000008008cb0        0x0
 .iplt          0x0000000008008cb0        0x0 c:/st/stm32cubeide_1.10.1/stm32cubeide/plugins/com.st.stm32cube.ide.mcu.externaltools.gnu-tools-for-stm32.10.3-2021.10.win32_1.0.0.202111181127/tools/bin/../lib/gcc/arm-none-eabi/10.3.1/thumb/v7e-m+dp/hard/crtbegin.o

.rodata         0x0000000008008cb0      0x2cc
                0x0000000008008cb0                . = ALIGN (0x4)
 *(.rodata)
 .rodata        0x0000000008008cb0      0x18f ./Core/Src/mainpp.o
 *(.rodata*)
 *fill*         0x0000000008008e3f        0x1 
 .rodata._ZN14rosserial_msgsL12REQUESTPARAME
                0x0000000008008e40       0x1c ./Core/Src/mainpp.o
 .rodata._ZTVN3ros10SubscriberIN13geometry_msgs5TwistEvEE
                0x0000000008008e5c       0x18 ./Core/Src/mainpp.o
                0x0000000008008e5c                vtable for ros::Subscriber<geometry_msgs::Twist, void>
 .rodata._ZTVN3ros11NodeHandle_I13STM32HardwareLi25ELi25ELi512ELi512EEE
                0x0000000008008e74       0x14 ./Core/Src/mainpp.o
                0x0000000008008e74                vtable for ros::NodeHandle_<STM32Hardware, 25, 25, 512, 512>
 .rodata._ZTVN13geometry_msgs5TwistE
                0x0000000008008e88       0x18 ./Core/Src/mainpp.o
                0x0000000008008e88                vtable for geometry_msgs::Twist
 .rodata._ZTVN13geometry_msgs7Vector3E
                0x0000000008008ea0       0x18 ./Core/Src/mainpp.o
                0x0000000008008ea0                vtable for geometry_msgs::Vector3
 .rodata._ZTVN3ros11Subscriber_E
                0x0000000008008eb8       0x18 ./Core/Src/mainpp.o
                0x0000000008008eb8                vtable for ros::Subscriber_
 .rodata._ZTVN3ros15NodeHandleBase_E
                0x0000000008008ed0       0x14 ./Core/Src/mainpp.o
                0x0000000008008ed0                vtable for ros::NodeHandleBase_
 .rodata._ZTVN14rosserial_msgs20RequestParamResponseE
                0x0000000008008ee4       0x18 ./Core/Src/mainpp.o
                0x0000000008008ee4                vtable for rosserial_msgs::RequestParamResponse
 .rodata._ZTVN14rosserial_msgs3LogE
                0x0000000008008efc       0x18 ./Core/Src/mainpp.o
                0x0000000008008efc                vtable for rosserial_msgs::Log
 .rodata._ZTVN14rosserial_msgs9TopicInfoE
                0x0000000008008f14       0x18 ./Core/Src/mainpp.o
                0x0000000008008f14                vtable for rosserial_msgs::TopicInfo
 .rodata._ZTVN8std_msgs4TimeE
                0x0000000008008f2c       0x18 ./Core/Src/mainpp.o
                0x0000000008008f2c                vtable for std_msgs::Time
 .rodata._ZTVN3ros3MsgE
                0x0000000008008f44       0x18 ./Core/Src/mainpp.o
                0x0000000008008f44                vtable for ros::Msg
 .rodata.AHBPrescTable
                0x0000000008008f5c       0x10 ./Core/Src/system_stm32f7xx.o
                0x0000000008008f5c                AHBPrescTable
 .rodata.APBPrescTable
                0x0000000008008f6c        0x8 ./Core/Src/system_stm32f7xx.o
                0x0000000008008f6c                APBPrescTable
 .rodata.flagBitshiftOffset.0
                0x0000000008008f74        0x8 ./Drivers/STM32F7xx_HAL_Driver/Src/stm32f7xx_hal_dma.o
                0x0000000008008f7c                . = ALIGN (0x4)

.ARM.extab      0x0000000008008f7c        0x0
                0x0000000008008f7c                . = ALIGN (0x4)
 *(.ARM.extab* .gnu.linkonce.armextab.*)
                0x0000000008008f7c                . = ALIGN (0x4)

.ARM            0x0000000008008f7c        0x8
                0x0000000008008f7c                . = ALIGN (0x4)
                0x0000000008008f7c                __exidx_start = .
 *(.ARM.exidx*)
 .ARM.exidx     0x0000000008008f7c        0x8 c:/st/stm32cubeide_1.10.1/stm32cubeide/plugins/com.st.stm32cube.ide.mcu.externaltools.gnu-tools-for-stm32.10.3-2021.10.win32_1.0.0.202111181127/tools/bin/../lib/gcc/arm-none-eabi/10.3.1/thumb/v7e-m+dp/hard\libgcc.a(_udivmoddi4.o)
                0x0000000008008f84                __exidx_end = .
                0x0000000008008f84                . = ALIGN (0x4)

.rel.dyn        0x0000000008008f84        0x0
 .rel.iplt      0x0000000008008f84        0x0 c:/st/stm32cubeide_1.10.1/stm32cubeide/plugins/com.st.stm32cube.ide.mcu.externaltools.gnu-tools-for-stm32.10.3-2021.10.win32_1.0.0.202111181127/tools/bin/../lib/gcc/arm-none-eabi/10.3.1/thumb/v7e-m+dp/hard/crtbegin.o

.preinit_array  0x0000000008008f84        0x0
                0x0000000008008f84                . = ALIGN (0x4)
                0x0000000008008f84                PROVIDE (__preinit_array_start = .)
 *(.preinit_array*)
                0x0000000008008f84                PROVIDE (__preinit_array_end = .)
                0x0000000008008f84                . = ALIGN (0x4)

.init_array     0x0000000008008f84        0x8
                0x0000000008008f84                . = ALIGN (0x4)
                0x0000000008008f84                PROVIDE (__init_array_start = .)
 *(SORT_BY_NAME(.init_array.*))
 *(.init_array*)
 .init_array    0x0000000008008f84        0x4 c:/st/stm32cubeide_1.10.1/stm32cubeide/plugins/com.st.stm32cube.ide.mcu.externaltools.gnu-tools-for-stm32.10.3-2021.10.win32_1.0.0.202111181127/tools/bin/../lib/gcc/arm-none-eabi/10.3.1/thumb/v7e-m+dp/hard/crtbegin.o
 .init_array    0x0000000008008f88        0x4 ./Core/Src/mainpp.o
                0x0000000008008f8c                PROVIDE (__init_array_end = .)
                0x0000000008008f8c                . = ALIGN (0x4)

.fini_array     0x0000000008008f8c        0x8
                0x0000000008008f8c                . = ALIGN (0x4)
                [!provide]                        PROVIDE (__fini_array_start = .)
 *(SORT_BY_NAME(.fini_array.*))
 *(.fini_array*)
 .fini_array    0x0000000008008f8c        0x4 c:/st/stm32cubeide_1.10.1/stm32cubeide/plugins/com.st.stm32cube.ide.mcu.externaltools.gnu-tools-for-stm32.10.3-2021.10.win32_1.0.0.202111181127/tools/bin/../lib/gcc/arm-none-eabi/10.3.1/thumb/v7e-m+dp/hard/crtbegin.o
 .fini_array    0x0000000008008f90        0x4 ./Core/Src/mainpp.o
                [!provide]                        PROVIDE (__fini_array_end = .)
                0x0000000008008f94                . = ALIGN (0x4)
                0x0000000008008f94                _sidata = LOADADDR (.data)

.data           0x0000000020000000       0x74 load address 0x0000000008008f94
                0x0000000020000000                . = ALIGN (0x4)
                0x0000000020000000                _sdata = .
 *(.data)
 *(.data*)
 .data.SystemCoreClock
                0x0000000020000000        0x4 ./Core/Src/system_stm32f7xx.o
                0x0000000020000000                SystemCoreClock
 .data.uwTickPrio
                0x0000000020000004        0x4 ./Drivers/STM32F7xx_HAL_Driver/Src/stm32f7xx_hal.o
                0x0000000020000004                uwTickPrio
 .data.uwTickFreq
                0x0000000020000008        0x1 ./Drivers/STM32F7xx_HAL_Driver/Src/stm32f7xx_hal.o
                0x0000000020000008                uwTickFreq
 *fill*         0x0000000020000009        0x3 
 .data._ZN10__cxxabiv119__terminate_handlerE
                0x000000002000000c        0x4 c:/st/stm32cubeide_1.10.1/stm32cubeide/plugins/com.st.stm32cube.ide.mcu.externaltools.gnu-tools-for-stm32.10.3-2021.10.win32_1.0.0.202111181127/tools/bin/../lib/gcc/arm-none-eabi/10.3.1/../../../../arm-none-eabi/lib/thumb/v7e-m+dp/hard\libstdc++_nano.a(eh_term_handler.o)
                0x000000002000000c                __cxxabiv1::__terminate_handler
 .data._impure_ptr
                0x0000000020000010        0x4 c:/st/stm32cubeide_1.10.1/stm32cubeide/plugins/com.st.stm32cube.ide.mcu.externaltools.gnu-tools-for-stm32.10.3-2021.10.win32_1.0.0.202111181127/tools/bin/../lib/gcc/arm-none-eabi/10.3.1/../../../../arm-none-eabi/lib/thumb/v7e-m+dp/hard\libc_nano.a(lib_a-impure.o)
                0x0000000020000010                _impure_ptr
 .data.impure_data
                0x0000000020000014       0x60 c:/st/stm32cubeide_1.10.1/stm32cubeide/plugins/com.st.stm32cube.ide.mcu.externaltools.gnu-tools-for-stm32.10.3-2021.10.win32_1.0.0.202111181127/tools/bin/../lib/gcc/arm-none-eabi/10.3.1/../../../../arm-none-eabi/lib/thumb/v7e-m+dp/hard\libc_nano.a(lib_a-impure.o)
 *(.RamFunc)
 *(.RamFunc*)
                0x0000000020000074                . = ALIGN (0x4)
                0x0000000020000074                _edata = .

.igot.plt       0x0000000020000074        0x0 load address 0x0000000008009008
 .igot.plt      0x0000000020000074        0x0 c:/st/stm32cubeide_1.10.1/stm32cubeide/plugins/com.st.stm32cube.ide.mcu.externaltools.gnu-tools-for-stm32.10.3-2021.10.win32_1.0.0.202111181127/tools/bin/../lib/gcc/arm-none-eabi/10.3.1/thumb/v7e-m+dp/hard/crtbegin.o
                0x0000000020000074                . = ALIGN (0x4)

.bss            0x0000000020000078     0x88c0 load address 0x0000000008009008
                0x0000000020000078                _sbss = .
                0x0000000020000078                __bss_start__ = _sbss
 *(.bss)
 .bss           0x0000000020000078       0x1c c:/st/stm32cubeide_1.10.1/stm32cubeide/plugins/com.st.stm32cube.ide.mcu.externaltools.gnu-tools-for-stm32.10.3-2021.10.win32_1.0.0.202111181127/tools/bin/../lib/gcc/arm-none-eabi/10.3.1/thumb/v7e-m+dp/hard/crtbegin.o
 *(.bss*)
 .bss.htim2     0x0000000020000094       0x4c ./Core/Src/main.o
                0x0000000020000094                htim2
 .bss.huart1    0x00000000200000e0       0x88 ./Core/Src/main.o
                0x00000000200000e0                huart1
 .bss.huart3    0x0000000020000168       0x88 ./Core/Src/main.o
                0x0000000020000168                huart3
 .bss.hdma_usart1_rx
                0x00000000200001f0       0x60 ./Core/Src/main.o
                0x00000000200001f0                hdma_usart1_rx
 .bss.hdma_usart1_tx
                0x0000000020000250       0x60 ./Core/Src/main.o
                0x0000000020000250                hdma_usart1_tx
 .bss.hdma_usart3_rx
                0x00000000200002b0       0x60 ./Core/Src/main.o
                0x00000000200002b0                hdma_usart3_rx
 .bss.hdma_usart3_tx
                0x0000000020000310       0x60 ./Core/Src/main.o
                0x0000000020000310                hdma_usart3_tx
 .bss._ZZN13STM32Hardware5flushEvE5mutex
                0x0000000020000370        0x1 ./Core/Src/mainpp.o
                0x0000000020000370                STM32Hardware::flush()::mutex
 *fill*         0x0000000020000371        0x3 
 .bss.nh        0x0000000020000374     0x853c ./Core/Src/mainpp.o
                0x0000000020000374                nh
 .bss.roboclaw  0x00000000200088b0        0xc ./Core/Src/mainpp.o
                0x00000000200088b0                roboclaw
 *fill*         0x00000000200088bc        0x4 
 .bss.AV_vel_sub
                0x00000000200088c0       0x60 ./Core/Src/mainpp.o
                0x00000000200088c0                AV_vel_sub
 .bss.__sbrk_heap_end
                0x0000000020008920        0x4 ./Core/Src/sysmem.o
 .bss.uwTick    0x0000000020008924        0x4 ./Drivers/STM32F7xx_HAL_Driver/Src/stm32f7xx_hal.o
                0x0000000020008924                uwTick
 .bss.__malloc_free_list
                0x0000000020008928        0x4 c:/st/stm32cubeide_1.10.1/stm32cubeide/plugins/com.st.stm32cube.ide.mcu.externaltools.gnu-tools-for-stm32.10.3-2021.10.win32_1.0.0.202111181127/tools/bin/../lib/gcc/arm-none-eabi/10.3.1/../../../../arm-none-eabi/lib/thumb/v7e-m+dp/hard\libc_nano.a(lib_a-nano-mallocr.o)
                0x0000000020008928                __malloc_free_list
 .bss.__malloc_sbrk_start
                0x000000002000892c        0x4 c:/st/stm32cubeide_1.10.1/stm32cubeide/plugins/com.st.stm32cube.ide.mcu.externaltools.gnu-tools-for-stm32.10.3-2021.10.win32_1.0.0.202111181127/tools/bin/../lib/gcc/arm-none-eabi/10.3.1/../../../../arm-none-eabi/lib/thumb/v7e-m+dp/hard\libc_nano.a(lib_a-nano-mallocr.o)
                0x000000002000892c                __malloc_sbrk_start
 .bss.errno     0x0000000020008930        0x4 c:/st/stm32cubeide_1.10.1/stm32cubeide/plugins/com.st.stm32cube.ide.mcu.externaltools.gnu-tools-for-stm32.10.3-2021.10.win32_1.0.0.202111181127/tools/bin/../lib/gcc/arm-none-eabi/10.3.1/../../../../arm-none-eabi/lib/thumb/v7e-m+dp/hard\libc_nano.a(lib_a-reent.o)
                0x0000000020008930                errno
 .bss.__lock___malloc_recursive_mutex
                0x0000000020008934        0x1 c:/st/stm32cubeide_1.10.1/stm32cubeide/plugins/com.st.stm32cube.ide.mcu.externaltools.gnu-tools-for-stm32.10.3-2021.10.win32_1.0.0.202111181127/tools/bin/../lib/gcc/arm-none-eabi/10.3.1/../../../../arm-none-eabi/lib/thumb/v7e-m+dp/hard\libc_nano.a(lib_a-lock.o)
                0x0000000020008934                __lock___malloc_recursive_mutex
 *(COMMON)
                0x0000000020008938                . = ALIGN (0x4)
 *fill*         0x0000000020008935        0x3 
                0x0000000020008938                _ebss = .
                0x0000000020008938                __bss_end__ = _ebss

._user_heap_stack
                0x0000000020008938      0x600 load address 0x0000000008009008
                0x0000000020008938                . = ALIGN (0x8)
                [!provide]                        PROVIDE (end = .)
                0x0000000020008938                PROVIDE (_end = .)
                0x0000000020008b38                . = (. + _Min_Heap_Size)
 *fill*         0x0000000020008938      0x200 
                0x0000000020008f38                . = (. + _Min_Stack_Size)
 *fill*         0x0000000020008b38      0x400 
                0x0000000020008f38                . = ALIGN (0x8)

/DISCARD/
 libc.a(*)
 libm.a(*)
 libgcc.a(*)

.ARM.attributes
                0x0000000000000000       0x2e
 *(.ARM.attributes)
 .ARM.attributes
                0x0000000000000000       0x1e c:/st/stm32cubeide_1.10.1/stm32cubeide/plugins/com.st.stm32cube.ide.mcu.externaltools.gnu-tools-for-stm32.10.3-2021.10.win32_1.0.0.202111181127/tools/bin/../lib/gcc/arm-none-eabi/10.3.1/thumb/v7e-m+dp/hard/crti.o
 .ARM.attributes
                0x000000000000001e       0x32 c:/st/stm32cubeide_1.10.1/stm32cubeide/plugins/com.st.stm32cube.ide.mcu.externaltools.gnu-tools-for-stm32.10.3-2021.10.win32_1.0.0.202111181127/tools/bin/../lib/gcc/arm-none-eabi/10.3.1/thumb/v7e-m+dp/hard/crtbegin.o
 .ARM.attributes
                0x0000000000000050       0x32 ./Core/Inc/roboclaw.o
 .ARM.attributes
                0x0000000000000082       0x32 ./Core/Inc/time.o
 .ARM.attributes
                0x00000000000000b4       0x32 ./Core/Src/main.o
 .ARM.attributes
                0x00000000000000e6       0x32 ./Core/Src/mainpp.o
 .ARM.attributes
                0x0000000000000118       0x32 ./Core/Src/stm32f7xx_hal_msp.o
 .ARM.attributes
                0x000000000000014a       0x32 ./Core/Src/stm32f7xx_it.o
 .ARM.attributes
                0x000000000000017c       0x32 ./Core/Src/syscalls.o
 .ARM.attributes
                0x00000000000001ae       0x32 ./Core/Src/sysmem.o
 .ARM.attributes
                0x00000000000001e0       0x32 ./Core/Src/system_stm32f7xx.o
 .ARM.attributes
                0x0000000000000212       0x21 ./Core/Startup/startup_stm32f767zitx.o
 .ARM.attributes
                0x0000000000000233       0x32 ./Drivers/STM32F7xx_HAL_Driver/Src/stm32f7xx_hal.o
 .ARM.attributes
                0x0000000000000265       0x32 ./Drivers/STM32F7xx_HAL_Driver/Src/stm32f7xx_hal_cortex.o
 .ARM.attributes
                0x0000000000000297       0x32 ./Drivers/STM32F7xx_HAL_Driver/Src/stm32f7xx_hal_dma.o
 .ARM.attributes
                0x00000000000002c9       0x32 ./Drivers/STM32F7xx_HAL_Driver/Src/stm32f7xx_hal_gpio.o
 .ARM.attributes
                0x00000000000002fb       0x32 ./Drivers/STM32F7xx_HAL_Driver/Src/stm32f7xx_hal_rcc.o
 .ARM.attributes
                0x000000000000032d       0x32 ./Drivers/STM32F7xx_HAL_Driver/Src/stm32f7xx_hal_rcc_ex.o
 .ARM.attributes
                0x000000000000035f       0x32 ./Drivers/STM32F7xx_HAL_Driver/Src/stm32f7xx_hal_tim.o
 .ARM.attributes
                0x0000000000000391       0x32 ./Drivers/STM32F7xx_HAL_Driver/Src/stm32f7xx_hal_tim_ex.o
 .ARM.attributes
                0x00000000000003c3       0x32 ./Drivers/STM32F7xx_HAL_Driver/Src/stm32f7xx_hal_uart.o
 .ARM.attributes
                0x00000000000003f5       0x32 c:/st/stm32cubeide_1.10.1/stm32cubeide/plugins/com.st.stm32cube.ide.mcu.externaltools.gnu-tools-for-stm32.10.3-2021.10.win32_1.0.0.202111181127/tools/bin/../lib/gcc/arm-none-eabi/10.3.1/../../../../arm-none-eabi/lib/thumb/v7e-m+dp/hard\libstdc++_nano.a(pure.o)
 .ARM.attributes
                0x0000000000000427       0x32 c:/st/stm32cubeide_1.10.1/stm32cubeide/plugins/com.st.stm32cube.ide.mcu.externaltools.gnu-tools-for-stm32.10.3-2021.10.win32_1.0.0.202111181127/tools/bin/../lib/gcc/arm-none-eabi/10.3.1/../../../../arm-none-eabi/lib/thumb/v7e-m+dp/hard\libstdc++_nano.a(eh_terminate.o)
 .ARM.attributes
                0x0000000000000459       0x32 c:/st/stm32cubeide_1.10.1/stm32cubeide/plugins/com.st.stm32cube.ide.mcu.externaltools.gnu-tools-for-stm32.10.3-2021.10.win32_1.0.0.202111181127/tools/bin/../lib/gcc/arm-none-eabi/10.3.1/../../../../arm-none-eabi/lib/thumb/v7e-m+dp/hard\libstdc++_nano.a(eh_term_handler.o)
 .ARM.attributes
                0x000000000000048b       0x32 c:/st/stm32cubeide_1.10.1/stm32cubeide/plugins/com.st.stm32cube.ide.mcu.externaltools.gnu-tools-for-stm32.10.3-2021.10.win32_1.0.0.202111181127/tools/bin/../lib/gcc/arm-none-eabi/10.3.1/../../../../arm-none-eabi/lib/thumb/v7e-m+dp/hard\libc_nano.a(lib_a-abort.o)
 .ARM.attributes
                0x00000000000004bd       0x32 c:/st/stm32cubeide_1.10.1/stm32cubeide/plugins/com.st.stm32cube.ide.mcu.externaltools.gnu-tools-for-stm32.10.3-2021.10.win32_1.0.0.202111181127/tools/bin/../lib/gcc/arm-none-eabi/10.3.1/../../../../arm-none-eabi/lib/thumb/v7e-m+dp/hard\libc_nano.a(lib_a-errno.o)
 .ARM.attributes
                0x00000000000004ef       0x32 c:/st/stm32cubeide_1.10.1/stm32cubeide/plugins/com.st.stm32cube.ide.mcu.externaltools.gnu-tools-for-stm32.10.3-2021.10.win32_1.0.0.202111181127/tools/bin/../lib/gcc/arm-none-eabi/10.3.1/../../../../arm-none-eabi/lib/thumb/v7e-m+dp/hard\libc_nano.a(lib_a-impure.o)
 .ARM.attributes
                0x0000000000000521       0x32 c:/st/stm32cubeide_1.10.1/stm32cubeide/plugins/com.st.stm32cube.ide.mcu.externaltools.gnu-tools-for-stm32.10.3-2021.10.win32_1.0.0.202111181127/tools/bin/../lib/gcc/arm-none-eabi/10.3.1/../../../../arm-none-eabi/lib/thumb/v7e-m+dp/hard\libc_nano.a(lib_a-init.o)
 .ARM.attributes
                0x0000000000000553       0x32 c:/st/stm32cubeide_1.10.1/stm32cubeide/plugins/com.st.stm32cube.ide.mcu.externaltools.gnu-tools-for-stm32.10.3-2021.10.win32_1.0.0.202111181127/tools/bin/../lib/gcc/arm-none-eabi/10.3.1/../../../../arm-none-eabi/lib/thumb/v7e-m+dp/hard\libc_nano.a(lib_a-memcpy-stub.o)
 .ARM.attributes
                0x0000000000000585       0x32 c:/st/stm32cubeide_1.10.1/stm32cubeide/plugins/com.st.stm32cube.ide.mcu.externaltools.gnu-tools-for-stm32.10.3-2021.10.win32_1.0.0.202111181127/tools/bin/../lib/gcc/arm-none-eabi/10.3.1/../../../../arm-none-eabi/lib/thumb/v7e-m+dp/hard\libc_nano.a(lib_a-memset.o)
 .ARM.attributes
                0x00000000000005b7       0x32 c:/st/stm32cubeide_1.10.1/stm32cubeide/plugins/com.st.stm32cube.ide.mcu.externaltools.gnu-tools-for-stm32.10.3-2021.10.win32_1.0.0.202111181127/tools/bin/../lib/gcc/arm-none-eabi/10.3.1/../../../../arm-none-eabi/lib/thumb/v7e-m+dp/hard\libc_nano.a(lib_a-realloc.o)
 .ARM.attributes
                0x00000000000005e9       0x32 c:/st/stm32cubeide_1.10.1/stm32cubeide/plugins/com.st.stm32cube.ide.mcu.externaltools.gnu-tools-for-stm32.10.3-2021.10.win32_1.0.0.202111181127/tools/bin/../lib/gcc/arm-none-eabi/10.3.1/../../../../arm-none-eabi/lib/thumb/v7e-m+dp/hard\libc_nano.a(lib_a-signal.o)
 .ARM.attributes
                0x000000000000061b       0x32 c:/st/stm32cubeide_1.10.1/stm32cubeide/plugins/com.st.stm32cube.ide.mcu.externaltools.gnu-tools-for-stm32.10.3-2021.10.win32_1.0.0.202111181127/tools/bin/../lib/gcc/arm-none-eabi/10.3.1/../../../../arm-none-eabi/lib/thumb/v7e-m+dp/hard\libc_nano.a(lib_a-signalr.o)
 .ARM.attributes
                0x000000000000064d       0x17 c:/st/stm32cubeide_1.10.1/stm32cubeide/plugins/com.st.stm32cube.ide.mcu.externaltools.gnu-tools-for-stm32.10.3-2021.10.win32_1.0.0.202111181127/tools/bin/../lib/gcc/arm-none-eabi/10.3.1/../../../../arm-none-eabi/lib/thumb/v7e-m+dp/hard\libc_nano.a(lib_a-strlen.o)
 .ARM.attributes
                0x0000000000000664       0x32 c:/st/stm32cubeide_1.10.1/stm32cubeide/plugins/com.st.stm32cube.ide.mcu.externaltools.gnu-tools-for-stm32.10.3-2021.10.win32_1.0.0.202111181127/tools/bin/../lib/gcc/arm-none-eabi/10.3.1/../../../../arm-none-eabi/lib/thumb/v7e-m+dp/hard\libc_nano.a(lib_a-nano-mallocr.o)
 .ARM.attributes
                0x0000000000000696       0x32 c:/st/stm32cubeide_1.10.1/stm32cubeide/plugins/com.st.stm32cube.ide.mcu.externaltools.gnu-tools-for-stm32.10.3-2021.10.win32_1.0.0.202111181127/tools/bin/../lib/gcc/arm-none-eabi/10.3.1/../../../../arm-none-eabi/lib/thumb/v7e-m+dp/hard\libc_nano.a(lib_a-nano-reallocr.o)
 .ARM.attributes
                0x00000000000006c8       0x32 c:/st/stm32cubeide_1.10.1/stm32cubeide/plugins/com.st.stm32cube.ide.mcu.externaltools.gnu-tools-for-stm32.10.3-2021.10.win32_1.0.0.202111181127/tools/bin/../lib/gcc/arm-none-eabi/10.3.1/../../../../arm-none-eabi/lib/thumb/v7e-m+dp/hard\libc_nano.a(lib_a-reent.o)
 .ARM.attributes
                0x00000000000006fa       0x32 c:/st/stm32cubeide_1.10.1/stm32cubeide/plugins/com.st.stm32cube.ide.mcu.externaltools.gnu-tools-for-stm32.10.3-2021.10.win32_1.0.0.202111181127/tools/bin/../lib/gcc/arm-none-eabi/10.3.1/../../../../arm-none-eabi/lib/thumb/v7e-m+dp/hard\libc_nano.a(lib_a-sbrkr.o)
 .ARM.attributes
                0x000000000000072c       0x32 c:/st/stm32cubeide_1.10.1/stm32cubeide/plugins/com.st.stm32cube.ide.mcu.externaltools.gnu-tools-for-stm32.10.3-2021.10.win32_1.0.0.202111181127/tools/bin/../lib/gcc/arm-none-eabi/10.3.1/../../../../arm-none-eabi/lib/thumb/v7e-m+dp/hard\libc_nano.a(lib_a-mlock.o)
 .ARM.attributes
                0x000000000000075e       0x32 c:/st/stm32cubeide_1.10.1/stm32cubeide/plugins/com.st.stm32cube.ide.mcu.externaltools.gnu-tools-for-stm32.10.3-2021.10.win32_1.0.0.202111181127/tools/bin/../lib/gcc/arm-none-eabi/10.3.1/../../../../arm-none-eabi/lib/thumb/v7e-m+dp/hard\libc_nano.a(lib_a-nano-freer.o)
 .ARM.attributes
                0x0000000000000790       0x32 c:/st/stm32cubeide_1.10.1/stm32cubeide/plugins/com.st.stm32cube.ide.mcu.externaltools.gnu-tools-for-stm32.10.3-2021.10.win32_1.0.0.202111181127/tools/bin/../lib/gcc/arm-none-eabi/10.3.1/../../../../arm-none-eabi/lib/thumb/v7e-m+dp/hard\libc_nano.a(lib_a-nano-msizer.o)
 .ARM.attributes
                0x00000000000007c2       0x32 c:/st/stm32cubeide_1.10.1/stm32cubeide/plugins/com.st.stm32cube.ide.mcu.externaltools.gnu-tools-for-stm32.10.3-2021.10.win32_1.0.0.202111181127/tools/bin/../lib/gcc/arm-none-eabi/10.3.1/../../../../arm-none-eabi/lib/thumb/v7e-m+dp/hard\libc_nano.a(lib_a-lock.o)
 .ARM.attributes
                0x00000000000007f4       0x1e c:/st/stm32cubeide_1.10.1/stm32cubeide/plugins/com.st.stm32cube.ide.mcu.externaltools.gnu-tools-for-stm32.10.3-2021.10.win32_1.0.0.202111181127/tools/bin/../lib/gcc/arm-none-eabi/10.3.1/thumb/v7e-m+dp/hard\libgcc.a(_aeabi_uldivmod.o)
 .ARM.attributes
                0x0000000000000812       0x32 c:/st/stm32cubeide_1.10.1/stm32cubeide/plugins/com.st.stm32cube.ide.mcu.externaltools.gnu-tools-for-stm32.10.3-2021.10.win32_1.0.0.202111181127/tools/bin/../lib/gcc/arm-none-eabi/10.3.1/thumb/v7e-m+dp/hard\libgcc.a(_udivmoddi4.o)
 .ARM.attributes
                0x0000000000000844       0x1e c:/st/stm32cubeide_1.10.1/stm32cubeide/plugins/com.st.stm32cube.ide.mcu.externaltools.gnu-tools-for-stm32.10.3-2021.10.win32_1.0.0.202111181127/tools/bin/../lib/gcc/arm-none-eabi/10.3.1/thumb/v7e-m+dp/hard\libgcc.a(_dvmd_tls.o)
 .ARM.attributes
                0x0000000000000862       0x1e c:/st/stm32cubeide_1.10.1/stm32cubeide/plugins/com.st.stm32cube.ide.mcu.externaltools.gnu-tools-for-stm32.10.3-2021.10.win32_1.0.0.202111181127/tools/bin/../lib/gcc/arm-none-eabi/10.3.1/thumb/v7e-m+dp/hard/crtn.o
OUTPUT(AV_ROS.elf elf32-littlearm)
LOAD linker stubs
LOAD c:/st/stm32cubeide_1.10.1/stm32cubeide/plugins/com.st.stm32cube.ide.mcu.externaltools.gnu-tools-for-stm32.10.3-2021.10.win32_1.0.0.202111181127/tools/bin/../lib/gcc/arm-none-eabi/10.3.1/../../../../arm-none-eabi/lib/thumb/v7e-m+dp/hard\libc.a
LOAD c:/st/stm32cubeide_1.10.1/stm32cubeide/plugins/com.st.stm32cube.ide.mcu.externaltools.gnu-tools-for-stm32.10.3-2021.10.win32_1.0.0.202111181127/tools/bin/../lib/gcc/arm-none-eabi/10.3.1/../../../../arm-none-eabi/lib/thumb/v7e-m+dp/hard\libm.a
LOAD c:/st/stm32cubeide_1.10.1/stm32cubeide/plugins/com.st.stm32cube.ide.mcu.externaltools.gnu-tools-for-stm32.10.3-2021.10.win32_1.0.0.202111181127/tools/bin/../lib/gcc/arm-none-eabi/10.3.1/thumb/v7e-m+dp/hard\libgcc.a

.debug_info     0x0000000000000000    0x1e5ac
 .debug_info    0x0000000000000000     0x49c6 ./Core/Inc/roboclaw.o
 .debug_info    0x00000000000049c6     0x1bea ./Core/Inc/time.o
 .debug_info    0x00000000000065b0     0x1877 ./Core/Src/main.o
 .debug_info    0x0000000000007e27     0x76ce ./Core/Src/mainpp.o
 .debug_info    0x000000000000f4f5     0x1552 ./Core/Src/stm32f7xx_hal_msp.o
 .debug_info    0x0000000000010a47      0xbfd ./Core/Src/stm32f7xx_it.o
 .debug_info    0x0000000000011644      0x6e0 ./Core/Src/syscalls.o
 .debug_info    0x0000000000011d24      0x171 ./Core/Src/sysmem.o
 .debug_info    0x0000000000011e95      0x72c ./Core/Src/system_stm32f7xx.o
 .debug_info    0x00000000000125c1       0x22 ./Core/Startup/startup_stm32f767zitx.o
 .debug_info    0x00000000000125e3      0xa82 ./Drivers/STM32F7xx_HAL_Driver/Src/stm32f7xx_hal.o
 .debug_info    0x0000000000013065     0x109c ./Drivers/STM32F7xx_HAL_Driver/Src/stm32f7xx_hal_cortex.o
 .debug_info    0x0000000000014101      0x94f ./Drivers/STM32F7xx_HAL_Driver/Src/stm32f7xx_hal_dma.o
 .debug_info    0x0000000000014a50      0x7a2 ./Drivers/STM32F7xx_HAL_Driver/Src/stm32f7xx_hal_gpio.o
 .debug_info    0x00000000000151f2      0x9f8 ./Drivers/STM32F7xx_HAL_Driver/Src/stm32f7xx_hal_rcc.o
 .debug_info    0x0000000000015bea      0x78b ./Drivers/STM32F7xx_HAL_Driver/Src/stm32f7xx_hal_rcc_ex.o
 .debug_info    0x0000000000016375     0x2d3e ./Drivers/STM32F7xx_HAL_Driver/Src/stm32f7xx_hal_tim.o
 .debug_info    0x00000000000190b3     0x1805 ./Drivers/STM32F7xx_HAL_Driver/Src/stm32f7xx_hal_tim_ex.o
 .debug_info    0x000000000001a8b8     0x3cf4 ./Drivers/STM32F7xx_HAL_Driver/Src/stm32f7xx_hal_uart.o

.debug_abbrev   0x0000000000000000     0x2f5f
 .debug_abbrev  0x0000000000000000      0x3a2 ./Core/Inc/roboclaw.o
 .debug_abbrev  0x00000000000003a2      0x2cb ./Core/Inc/time.o
 .debug_abbrev  0x000000000000066d      0x2c0 ./Core/Src/main.o
 .debug_abbrev  0x000000000000092d      0x926 ./Core/Src/mainpp.o
 .debug_abbrev  0x0000000000001253      0x247 ./Core/Src/stm32f7xx_hal_msp.o
 .debug_abbrev  0x000000000000149a      0x1a5 ./Core/Src/stm32f7xx_it.o
 .debug_abbrev  0x000000000000163f      0x1b3 ./Core/Src/syscalls.o
 .debug_abbrev  0x00000000000017f2       0xbb ./Core/Src/sysmem.o
 .debug_abbrev  0x00000000000018ad      0x136 ./Core/Src/system_stm32f7xx.o
 .debug_abbrev  0x00000000000019e3       0x12 ./Core/Startup/startup_stm32f767zitx.o
 .debug_abbrev  0x00000000000019f5      0x20d ./Drivers/STM32F7xx_HAL_Driver/Src/stm32f7xx_hal.o
 .debug_abbrev  0x0000000000001c02      0x316 ./Drivers/STM32F7xx_HAL_Driver/Src/stm32f7xx_hal_cortex.o
 .debug_abbrev  0x0000000000001f18      0x25b ./Drivers/STM32F7xx_HAL_Driver/Src/stm32f7xx_hal_dma.o
 .debug_abbrev  0x0000000000002173      0x1c4 ./Drivers/STM32F7xx_HAL_Driver/Src/stm32f7xx_hal_gpio.o
 .debug_abbrev  0x0000000000002337      0x2d1 ./Drivers/STM32F7xx_HAL_Driver/Src/stm32f7xx_hal_rcc.o
 .debug_abbrev  0x0000000000002608      0x1b9 ./Drivers/STM32F7xx_HAL_Driver/Src/stm32f7xx_hal_rcc_ex.o
 .debug_abbrev  0x00000000000027c1      0x264 ./Drivers/STM32F7xx_HAL_Driver/Src/stm32f7xx_hal_tim.o
 .debug_abbrev  0x0000000000002a25      0x26c ./Drivers/STM32F7xx_HAL_Driver/Src/stm32f7xx_hal_tim_ex.o
 .debug_abbrev  0x0000000000002c91      0x2ce ./Drivers/STM32F7xx_HAL_Driver/Src/stm32f7xx_hal_uart.o

.debug_aranges  0x0000000000000000     0x13e0
 .debug_aranges
                0x0000000000000000      0x380 ./Core/Inc/roboclaw.o
 .debug_aranges
                0x0000000000000380       0x48 ./Core/Inc/time.o
 .debug_aranges
                0x00000000000003c8       0x58 ./Core/Src/main.o
 .debug_aranges
                0x0000000000000420      0x250 ./Core/Src/mainpp.o
 .debug_aranges
                0x0000000000000670       0x48 ./Core/Src/stm32f7xx_hal_msp.o
 .debug_aranges
                0x00000000000006b8       0x98 ./Core/Src/stm32f7xx_it.o
 .debug_aranges
                0x0000000000000750       0xa8 ./Core/Src/syscalls.o
 .debug_aranges
                0x00000000000007f8       0x20 ./Core/Src/sysmem.o
 .debug_aranges